Component: ARM Compiler 5.06 update 5 (build 528) Tool: armlink [4d35e2]

==============================================================================

Section Cross References

    startup_stm32f401xc.o(RESET) refers to startup_stm32f401xc.o(STACK) for __initial_sp
    startup_stm32f401xc.o(RESET) refers to startup_stm32f401xc.o(.text) for Reset_Handler
    startup_stm32f401xc.o(RESET) refers to stm32f4xx_it.o(i.NMI_Handler) for NMI_Handler
    startup_stm32f401xc.o(RESET) refers to stm32f4xx_it.o(i.HardFault_Handler) for HardFault_Handler
    startup_stm32f401xc.o(RESET) refers to stm32f4xx_it.o(i.MemManage_Handler) for MemManage_Handler
    startup_stm32f401xc.o(RESET) refers to stm32f4xx_it.o(i.BusFault_Handler) for BusFault_Handler
    startup_stm32f401xc.o(RESET) refers to stm32f4xx_it.o(i.UsageFault_Handler) for UsageFault_Handler
    startup_stm32f401xc.o(RESET) refers to stm32f4xx_it.o(i.SVC_Handler) for SVC_Handler
    startup_stm32f401xc.o(RESET) refers to stm32f4xx_it.o(i.DebugMon_Handler) for DebugMon_Handler
    startup_stm32f401xc.o(RESET) refers to stm32f4xx_it.o(i.PendSV_Handler) for PendSV_Handler
    startup_stm32f401xc.o(RESET) refers to stm32f4xx_it.o(i.SysTick_Handler) for SysTick_Handler
    startup_stm32f401xc.o(RESET) refers to stm32f4xx_it.o(i.ADC_IRQHandler) for ADC_IRQHandler
    startup_stm32f401xc.o(RESET) refers to stm32f4xx_it.o(i.TIM1_UP_TIM10_IRQHandler) for TIM1_UP_TIM10_IRQHandler
    startup_stm32f401xc.o(RESET) refers to stm32f4xx_it.o(i.TIM2_IRQHandler) for TIM2_IRQHandler
    startup_stm32f401xc.o(RESET) refers to stm32f4xx_it.o(i.USART1_IRQHandler) for USART1_IRQHandler
    startup_stm32f401xc.o(RESET) refers to stm32f4xx_it.o(i.USART2_IRQHandler) for USART2_IRQHandler
    startup_stm32f401xc.o(RESET) refers to stm32f4xx_it.o(i.SDIO_IRQHandler) for SDIO_IRQHandler
    startup_stm32f401xc.o(RESET) refers to stm32f4xx_it.o(i.DMA2_Stream0_IRQHandler) for DMA2_Stream0_IRQHandler
    startup_stm32f401xc.o(RESET) refers to stm32f4xx_it.o(i.DMA2_Stream3_IRQHandler) for DMA2_Stream3_IRQHandler
    startup_stm32f401xc.o(RESET) refers to stm32f4xx_it.o(i.DMA2_Stream6_IRQHandler) for DMA2_Stream6_IRQHandler
    startup_stm32f401xc.o(RESET) refers to stm32f4xx_it.o(i.USART6_IRQHandler) for USART6_IRQHandler
    startup_stm32f401xc.o(.text) refers to system_stm32f4xx.o(i.SystemInit) for SystemInit
    startup_stm32f401xc.o(.text) refers to entry.o(.ARM.Collect$$$$00000000) for __main
    sht30_i2c_drv.o(i.SHT30_Dat_To_Float) refers to sht30_i2c_drv.o(i.CheckCrc8) for CheckCrc8
    sht30_i2c_drv.o(i.SHT30_Init) refers to sht30_i2c_drv.o(i.SHT30_Send_Cmd) for SHT30_Send_Cmd
    sht30_i2c_drv.o(i.SHT30_Read_Dat) refers to sht30_i2c_drv.o(i.SHT30_Send_Cmd) for SHT30_Send_Cmd
    sht30_i2c_drv.o(i.SHT30_Read_Dat) refers to stm32f4xx_hal_i2c.o(i.HAL_I2C_Master_Receive) for HAL_I2C_Master_Receive
    sht30_i2c_drv.o(i.SHT30_Read_Dat) refers to i2c.o(.bss) for hi2c1
    sht30_i2c_drv.o(i.SHT30_Reset) refers to sht30_i2c_drv.o(i.SHT30_Send_Cmd) for SHT30_Send_Cmd
    sht30_i2c_drv.o(i.SHT30_Reset) refers to stm32f4xx_hal.o(i.HAL_Delay) for HAL_Delay
    sht30_i2c_drv.o(i.SHT30_Send_Cmd) refers to stm32f4xx_hal_i2c.o(i.HAL_I2C_Master_Transmit) for HAL_I2C_Master_Transmit
    sht30_i2c_drv.o(i.SHT30_Send_Cmd) refers to i2c.o(.bss) for hi2c1
    tf_sdio_drv.o(i.PrintSdCard_BlockNbr) refers to printfa.o(i.__0printf) for __2printf
    tf_sdio_drv.o(i.PrintSdCard_BlockNbr) refers to sdio.o(.bss) for hsd
    tf_sdio_drv.o(i.PrintSdCard_BlockSize) refers to printfa.o(i.__0printf) for __2printf
    tf_sdio_drv.o(i.PrintSdCard_BlockSize) refers to sdio.o(.bss) for hsd
    tf_sdio_drv.o(i.PrintSdCard_CID) refers to printfa.o(i.__0printf) for __2printf
    tf_sdio_drv.o(i.PrintSdCard_CID) refers to usart.o(i.Uart6Tx_Hex2Char) for Uart6Tx_Hex2Char
    tf_sdio_drv.o(i.PrintSdCard_CID) refers to sdio.o(.bss) for hsd
    tf_sdio_drv.o(i.PrintSdCard_Class) refers to printfa.o(i.__0printf) for __2printf
    tf_sdio_drv.o(i.PrintSdCard_Class) refers to sdio.o(.bss) for hsd
    tf_sdio_drv.o(i.PrintSdCard_LogBlockNbr) refers to printfa.o(i.__0printf) for __2printf
    tf_sdio_drv.o(i.PrintSdCard_LogBlockNbr) refers to sdio.o(.bss) for hsd
    tf_sdio_drv.o(i.PrintSdCard_LogBlockSize) refers to printfa.o(i.__0printf) for __2printf
    tf_sdio_drv.o(i.PrintSdCard_LogBlockSize) refers to sdio.o(.bss) for hsd
    tf_sdio_drv.o(i.PrintSdCard_RCA) refers to printfa.o(i.__0printf) for __2printf
    tf_sdio_drv.o(i.PrintSdCard_RCA) refers to sdio.o(.bss) for hsd
    tf_sdio_drv.o(i.PrintSdCard_State) refers to stm32f4xx_hal_sd.o(i.HAL_SD_GetCardState) for HAL_SD_GetCardState
    tf_sdio_drv.o(i.PrintSdCard_State) refers to printfa.o(i.__0printf) for __2printf
    tf_sdio_drv.o(i.PrintSdCard_State) refers to sdio.o(.bss) for hsd
    tf_sdio_drv.o(i.PrintSdCard_Type) refers to printfa.o(i.__0printf) for __2printf
    tf_sdio_drv.o(i.PrintSdCard_Type) refers to sdio.o(.bss) for hsd
[...]
    _printf_longlong_oct                     0x00000000   Number         0  stubs.o ABSOLUTE
    _printf_ls                               0x00000000   Number         0  stubs.o ABSOLUTE
    _printf_mbtowc                           0x00000000   Number         0  stubs.o ABSOLUTE
    _printf_n                                0x00000000   Number         0  stubs.o ABSOLUTE
    _printf_o                                0x00000000   Number         0  stubs.o ABSOLUTE
    _printf_p                                0x00000000   Number         0  stubs.o ABSOLUTE
    _printf_percent                          0x00000000   Number         0  stubs.o ABSOLUTE
    _printf_pre_padding                      0x00000000   Number         0  stubs.o ABSOLUTE
    _printf_return_value                     0x00000000   Number         0  stubs.o ABSOLUTE
    _printf_s                                0x00000000   Number         0  stubs.o ABSOLUTE
    _printf_sizespec                         0x00000000   Number         0  stubs.o ABSOLUTE
    _printf_str                              0x00000000   Number         0  stubs.o ABSOLUTE
    _printf_truncate_signed                  0x00000000   Number         0  stubs.o ABSOLUTE
    _printf_truncate_unsigned                0x00000000   Number         0  stubs.o ABSOLUTE
    _printf_u                                0x00000000   Number         0  stubs.o ABSOLUTE
    _printf_wc                               0x00000000   Number         0  stubs.o ABSOLUTE
    _printf_wctomb                           0x00000000   Number         0  stubs.o ABSOLUTE
    _printf_widthprec                        0x00000000   Number         0  stubs.o ABSOLUTE
    _printf_x                                0x00000000   Number         0  stubs.o ABSOLUTE
    __cpp_initialize__aeabi_                  - Undefined Weak Reference
    __cxa_finalize                            - Undefined Weak Reference
    _clock_init                               - Undefined Weak Reference
    _microlib_exit                            - Undefined Weak Reference
    __Vectors_Size                           0x00000194   Number         0  startup_stm32f401xc.o ABSOLUTE
    __Vectors                                0x08000000   Data           4  startup_stm32f401xc.o(RESET)
    __Vectors_End                            0x08000194   Data           0  startup_stm32f401xc.o(RESET)
    __main                                   0x08000195   Thumb Code     0  entry.o(.ARM.Collect$$$$00000000)
    _main_stk                                0x08000195   Thumb Code     0  entry2.o(.ARM.Collect$$$$00000001)
    _main_scatterload                        0x08000199   Thumb Code     0  entry5.o(.ARM.Collect$$$$00000004)
    __main_after_scatterload                 0x0800019d   Thumb Code     0  entry5.o(.ARM.Collect$$$$00000004)
    _main_clock                              0x0800019d   Thumb Code     0  entry7b.o(.ARM.Collect$$$$00000008)
    _main_cpp_init                           0x0800019d   Thumb Code     0  entry8b.o(.ARM.Collect$$$$0000000A)
    _main_init                               0x0800019d   Thumb Code     0  entry9a.o(.ARM.Collect$$$$0000000B)
    __rt_final_cpp                           0x080001a5   Thumb Code     0  entry10a.o(.ARM.Collect$$$$0000000D)
    __rt_final_exit                          0x080001a5   Thumb Code     0  entry11a.o(.ARM.Collect$$$$0000000F)
    Reset_Handler                            0x080001a9   Thumb Code     8  startup_stm32f401xc.o(.text)
    DMA1_Stream0_IRQHandler                  0x080001c3   Thumb Code     0  startup_stm32f401xc.o(.text)
    DMA1_Stream1_IRQHandler                  0x080001c3   Thumb Code     0  startup_stm32f401xc.o(.text)
    DMA1_Stream2_IRQHandler                  0x080001c3   Thumb Code     0  startup_stm32f401xc.o(.text)
    DMA1_Stream3_IRQHandler                  0x080001c3   Thumb Code     0  startup_stm32f401xc.o(.text)
    DMA1_Stream4_IRQHandler                  0x080001c3   Thumb Code     0  startup_stm32f401xc.o(.text)
    DMA1_Stream5_IRQHandler                  0x080001c3   Thumb Code     0  startup_stm32f401xc.o(.text)
    DMA1_Stream6_IRQHandler                  0x080001c3   Thumb Code     0  startup_stm32f401xc.o(.text)
    DMA1_Stream7_IRQHandler                  0x080001c3   Thumb Code     0  startup_stm32f401xc.o(.text)
    DMA2_Stream1_IRQHandler                  0x080001c3   Thumb Code     0  startup_stm32f401xc.o(.text)
    DMA2_Stream2_IRQHandler                  0x080001c3   Thumb Code     0  startup_stm32f401xc.o(.text)
    DMA2_Stream4_IRQHandler                  0x080001c3   Thumb Code     0  startup_stm32f401xc.o(.text)
    DMA2_Stream5_IRQHandler                  0x080001c3   Thumb Code     0  startup_stm32f401xc.o(.text)
    DMA2_Stream7_IRQHandler                  0x080001c3   Thumb Code     0  startup_stm32f401xc.o(.text)
    EXTI0_IRQHandler                         0x080001c3   Thumb Code     0  startup_stm32f401xc.o(.text)
    EXTI15_10_IRQHandler                     0x080001c3   Thumb Code     0  startup_stm32f401xc.o(.text)
    EXTI1_IRQHandler                         0x080001c3   Thumb Code     0  startup_stm32f401xc.o(.text)
    EXTI2_IRQHandler                         0x080001c3   Thumb Code     0  startup_stm32f401xc.o(.text)
    EXTI3_IRQHandler                         0x080001c3   Thumb Code     0  startup_stm32f401xc.o(.text)
    EXTI4_IRQHandler                         0x080001c3   Thumb Code     0  startup_stm32f401xc.o(.text)
    EXTI9_5_IRQHandler                       0x080001c3   Thumb Code     0  startup_stm32f401xc.o(.text)
    FLASH_IRQHandler                         0x080001c3   Thumb Code     0  startup_stm32f401xc.o(.text)
    FPU_IRQHandler                           0x080001c3   Thumb Code     0  startup_stm32f401xc.o(.text)
    I2C1_ER_IRQHandler                       0x080001c3   Thumb Code     0  startup_stm32f401xc.o(.text)
    I2C1_EV_IRQHandler                       0x080001c3   Thumb Code     0  startup_stm32f401xc.o(.text)
    I2C2_ER_IRQHandler                       0x080001c3   Thumb Code     0  startup_stm32f401xc.o(.text)
    I2C2_EV_IRQHandler                       0x080001c3   Thumb Code     0  startup_stm32f401xc.o(.text)
    I2C3_ER_IRQHandler                       0x080001c3   Thumb Code     0  startup_stm32f401xc.o(.text)
    I2C3_EV_IRQHandler                       0x080001c3   Thumb Code     0  startup_stm32f401xc.o(.text)
    OTG_FS_IRQHandler                        0x080001c3   Thumb Code     0  startup_stm32f401xc.o(.text)
    OTG_FS_WKUP_IRQHandler                   0x080001c3   Thumb Code     0  startup_stm32f401xc.o(.text)
    PVD_IRQHandler                           0x080001c3   Thumb Code     0  startup_stm32f401xc.o(.text)
    RCC_IRQHandler                           0x080001c3   Thumb Code     0  startup_stm32f401xc.o(.text)
    RTC_Alarm_IRQHandler                     0x080001c3   Thumb Code     0  startup_stm32f401xc.o(.text)
    RTC_WKUP_IRQHandler                      0x080001c3   Thumb Code     0  startup_stm32f401xc.o(.text)
    SPI1_IRQHandler                          0x080001c3   Thumb Code     0  startup_stm32f401xc.o(.text)
    SPI2_IRQHandler                          0x080001c3   Thumb Code     0  startup_stm32f401xc.o(.text)
    SPI3_IRQHandler                          0x080001c3   Thumb Code     0  startup_stm32f401xc.o(.text)
    SPI4_IRQHandler                          0x080001c3   Thumb Code     0  startup_stm32f401xc.o(.text)
    TAMP_STAMP_IRQHandler                    0x080001c3   Thumb Code     0  startup_stm32f401xc.o(.text)
    TIM1_BRK_TIM9_IRQHandler                 0x080001c3   Thumb Code     0  startup_stm32f401xc.o(.text)
    TIM1_CC_IRQHandler                       0x080001c3   Thumb Code     0  startup_stm32f401xc.o(.text)
    TIM1_TRG_COM_TIM11_IRQHandler            0x080001c3   Thumb Code     0  startup_stm32f401xc.o(.text)
    TIM3_IRQHandler                          0x080001c3   Thumb Code     0  startup_stm32f401xc.o(.text)
    TIM4_IRQHandler                          0x080001c3   Thumb Code     0  startup_stm32f401xc.o(.text)
    TIM5_IRQHandler                          0x080001c3   Thumb Code     0  startup_stm32f401xc.o(.text)
    WWDG_IRQHandler                          0x080001c3   Thumb Code     0  startup_stm32f401xc.o(.text)
    __aeabi_uldivmod                         0x080001cd   Thumb Code    98  uldiv.o(.text)
    __aeabi_memcpy                           0x0800022f   Thumb Code    36  memcpya.o(.text)
    __aeabi_memcpy4                          0x0800022f   Thumb Code     0  memcpya.o(.text)
    __aeabi_memcpy8                          0x0800022f   Thumb Code     0  memcpya.o(.text)
    __aeabi_memset                           0x08000253   Thumb Code    14  memseta.o(.text)
    __aeabi_memset4                          0x08000253   Thumb Code     0  memseta.o(.text)
    __aeabi_memset8                          0x08000253   Thumb Code     0  memseta.o(.text)
    __aeabi_memclr                           0x08000261   Thumb Code     4  memseta.o(.text)
    __aeabi_memclr4                          0x08000261   Thumb Code     0  memseta.o(.text)
    __aeabi_memclr8                          0x08000261   Thumb Code     0  memseta.o(.text)
    _memset$wrapper                          0x08000265   Thumb Code    18  memseta.o(.text)
    strncmp                                  0x08000277   Thumb Code    30  strncmp.o(.text)
    __aeabi_dmul                             0x08000295   Thumb Code   228  dmul.o(.text)
    __aeabi_ddiv                             0x08000379   Thumb Code   222  ddiv.o(.text)
    __aeabi_f2d                              0x08000457   Thumb Code    38  f2d.o(.text)
    __aeabi_d2f                              0x0800047d   Thumb Code    56  d2f.o(.text)
    __aeabi_uidiv                            0x080004b5   Thumb Code     0  uidiv.o(.text)
    __aeabi_uidivmod                         0x080004b5   Thumb Code    44  uidiv.o(.text)
    __aeabi_llsl                             0x080004e1   Thumb Code    30  llshl.o(.text)
    _ll_shift_l                              0x080004e1   Thumb Code     0  llshl.o(.text)
    __aeabi_llsr                             0x080004ff   Thumb Code    32  llushr.o(.text)
    _ll_ushift_r                             0x080004ff   Thumb Code     0  llushr.o(.text)
    __I$use$fp                               0x0800051f   Thumb Code     0  iusefp.o(.text)
    _float_round                             0x0800051f   Thumb Code    18  fepilogue.o(.text)
    _float_epilogue                          0x08000531   Thumb Code    92  fepilogue.o(.text)
    _double_round                            0x0800058d   Thumb Code    30  depilogue.o(.text)
    _double_epilogue                         0x080005ab   Thumb Code   156  depilogue.o(.text)
    __aeabi_dadd                             0x08000647   Thumb Code   322  dadd.o(.text)
    __aeabi_dsub                             0x08000789   Thumb Code     6  dadd.o(.text)
    __aeabi_drsub                            0x0800078f   Thumb Code     6  dadd.o(.text)
    __aeabi_d2ulz                            0x08000795   Thumb Code    48  dfixul.o(.text)
    __aeabi_cdrcmple                         0x080007c5   Thumb Code    48  cdrcmple.o(.text)
    __scatterload                            0x080007f5   Thumb Code    28  init.o(.text)
    __scatterload_rt2                        0x080007f5   Thumb Code     0  init.o(.text)
    __aeabi_lasr                             0x08000819   Thumb Code    36  llsshr.o(.text)
    _ll_sshift_r                             0x08000819   Thumb Code     0  llsshr.o(.text)
    __decompress                             0x0800083d   Thumb Code     0  __dczerorl2.o(.text)
    __decompress1                            0x0800083d   Thumb Code    86  __dczerorl2.o(.text)
    ADC_IRQHandler                           0x08000921   Thumb Code     6  stm32f4xx_it.o(i.ADC_IRQHandler)
    AirConditioner_Set                       0x08000a5d   Thumb Code   426  ir_tx_app.o(i.AirConditioner_Set)
    AirConditioner_ShutDown                  0x08000c35   Thumb Code   158  ir_tx_app.o(i.AirConditioner_ShutDown)
    BusFault_Handler                         0x08000d01   Thumb Code     2  stm32f4xx_it.o(i.BusFault_Handler)
    CheckCrc8                                0x08000d03   Thumb Code    50  sht30_i2c_drv.o(i.CheckCrc8)
    DMA2_Stream0_IRQHandler                  0x08000d35   Thumb Code     6  stm32f4xx_it.o(i.DMA2_Stream0_IRQHandler)
    DMA2_Stream3_IRQHandler                  0x08000d41   Thumb Code     6  stm32f4xx_it.o(i.DMA2_Stream3_IRQHandler)
    DMA2_Stream6_IRQHandler                  0x08000d4d   Thumb Code     6  stm32f4xx_it.o(i.DMA2_Stream6_IRQHandler)
    DebugMon_Handler                         0x08000e27   Thumb Code     2  stm32f4xx_it.o(i.DebugMon_Handler)
    Error_Handler                            0x08000e29   Thumb Code     2  main.o(i.Error_Handler)
    GetRTC                                   0x08000e2d   Thumb Code    52  rtc.o(i.GetRTC)
    GetUsart1RxData                          0x08000e65   Thumb Code     4  usart.o(i.GetUsart1RxData)
    GetUsart1RxDataLen                       0x08000e6d   Thumb Code    10  usart.o(i.GetUsart1RxDataLen)
    GetUsart2RxData                          0x08000e7d   Thumb Code     4  usart.o(i.GetUsart2RxData)
    GetUsart2RxDataLen                       0x08000e85   Thumb Code    10  usart.o(i.GetUsart2RxDataLen)
    GetUsart6RxData                          0x08000e95   Thumb Code     4  usart.o(i.GetUsart6RxData)
    GetUsart6RxDataLen                       0x08000e9d   Thumb Code    10  usart.o(i.GetUsart6RxDataLen)
    HAL_ADCEx_InjectedConvCpltCallback       0x08000ead   Thumb Code     2  stm32f4xx_hal_adc_ex.o(i.HAL_ADCEx_InjectedConvCpltCallback)
    HAL_ADC_ConfigChannel                    0x08000eb1   Thumb Code   326  stm32f4xx_hal_adc.o(i.HAL_ADC_ConfigChannel)
    HAL_ADC_ConvCpltCallback                 0x08001009   Thumb Code     2  stm32f4xx_hal_adc.o(i.HAL_ADC_ConvCpltCallback)
    HAL_ADC_ConvHalfCpltCallback             0x0800100b   Thumb Code     2  stm32f4xx_hal_adc.o(i.HAL_ADC_ConvHalfCpltCallback)
    HAL_ADC_ErrorCallback                    0x0800100d   Thumb Code     2  stm32f4xx_hal_adc.o(i.HAL_ADC_ErrorCallback)
    HAL_ADC_IRQHandler                       0x0800100f   Thumb Code   318  stm32f4xx_hal_adc.o(i.HAL_ADC_IRQHandler)
    HAL_ADC_Init                             0x0800114d   Thumb Code    84  stm32f4xx_hal_adc.o(i.HAL_ADC_Init)
    HAL_ADC_LevelOutOfWindowCallback         0x080011a1   Thumb Code     2  stm32f4xx_hal_adc.o(i.HAL_ADC_LevelOutOfWindowCallback)
    HAL_ADC_MspInit                          0x080011a5   Thumb Code   146  adc.o(i.HAL_ADC_MspInit)
    HAL_ADC_Start_DMA                        0x0800124d   Thumb Code   258  stm32f4xx_hal_adc.o(i.HAL_ADC_Start_DMA)
    HAL_DMA_Abort_IT                         0x0800136d   Thumb Code    36  stm32f4xx_hal_dma.o(i.HAL_DMA_Abort_IT)
    HAL_DMA_GetError                         0x08001391   Thumb Code     4  stm32f4xx_hal_dma.o(i.HAL_DMA_GetError)
    HAL_DMA_IRQHandler                       0x08001395   Thumb Code   460  stm32f4xx_hal_dma.o(i.HAL_DMA_IRQHandler)
    HAL_DMA_Init                             0x08001565   Thumb Code   208  stm32f4xx_hal_dma.o(i.HAL_DMA_Init)
    HAL_DMA_Start_IT                         0x08001639   Thumb Code   110  stm32f4xx_hal_dma.o(i.HAL_DMA_Start_IT)
    HAL_Delay                                0x080016a9   Thumb Code    32  stm32f4xx_hal.o(i.HAL_Delay)
    HAL_GPIO_Init                            0x080016cd   Thumb Code   360  stm32f4xx_hal_gpio.o(i.HAL_GPIO_Init)
    HAL_GPIO_ReadPin                         0x08001855   Thumb Code    14  stm32f4xx_hal_gpio.o(i.HAL_GPIO_ReadPin)
    HAL_GPIO_TogglePin                       0x08001863   Thumb Code    18  stm32f4xx_hal_gpio.o(i.HAL_GPIO_TogglePin)
    HAL_GPIO_WritePin                        0x08001875   Thumb Code    14  stm32f4xx_hal_gpio.o(i.HAL_GPIO_WritePin)
    HAL_GetTick                              0x08001885   Thumb Code     6  stm32f4xx_hal.o(i.HAL_GetTick)
    HAL_I2C_Init                             0x08001891   Thumb Code   392  stm32f4xx_hal_i2c.o(i.HAL_I2C_Init)
    HAL_I2C_Master_Receive                   0x08001a29   Thumb Code   640  stm32f4xx_hal_i2c.o(i.HAL_I2C_Master_Receive)
    HAL_I2C_Master_Transmit                  0x08001cb5   Thumb Code   318  stm32f4xx_hal_i2c.o(i.HAL_I2C_Master_Transmit)
    HAL_I2C_MspInit                          0x08001dfd   Thumb Code   108  i2c.o(i.HAL_I2C_MspInit)
    HAL_IncTick                              0x08001e75   Thumb Code    12  stm32f4xx_hal.o(i.HAL_IncTick)
    HAL_Init                                 0x08001e85   Thumb Code    48  stm32f4xx_hal.o(i.HAL_Init)
    HAL_InitTick                             0x08001eb9   Thumb Code    58  stm32f4xx_hal.o(i.HAL_InitTick)
    HAL_MspInit                              0x08001efd   Thumb Code    42  stm32f4xx_hal_msp.o(i.HAL_MspInit)
    HAL_NVIC_EnableIRQ                       0x08001f2d   Thumb Code    26  stm32f4xx_hal_cortex.o(i.HAL_NVIC_EnableIRQ)
    HAL_NVIC_SetPriority                     0x08001f49   Thumb Code    60  stm32f4xx_hal_cortex.o(i.HAL_NVIC_SetPriority)
    HAL_NVIC_SetPriorityGrouping             0x08001f89   Thumb Code    26  stm32f4xx_hal_cortex.o(i.HAL_NVIC_SetPriorityGrouping)
    HAL_RCCEx_PeriphCLKConfig                0x08001fad   Thumb Code   322  stm32f4xx_hal_rcc_ex.o(i.HAL_RCCEx_PeriphCLKConfig)
    HAL_RCC_ClockConfig                      0x08002109   Thumb Code   310  stm32f4xx_hal_rcc.o(i.HAL_RCC_ClockConfig)
    HAL_RCC_GetHCLKFreq                      0x08002255   Thumb Code     6  stm32f4xx_hal_rcc.o(i.HAL_RCC_GetHCLKFreq)
    HAL_RCC_GetPCLK1Freq                     0x08002261   Thumb Code    22  stm32f4xx_hal_rcc.o(i.HAL_RCC_GetPCLK1Freq)
    HAL_RCC_GetPCLK2Freq                     0x08002281   Thumb Code    22  stm32f4xx_hal_rcc.o(i.HAL_RCC_GetPCLK2Freq)
    HAL_RCC_GetSysClockFreq                  0x080022a1   Thumb Code    88  stm32f4xx_hal_rcc.o(i.HAL_RCC_GetSysClockFreq)
    HAL_RCC_OscConfig                        0x08002301   Thumb Code   954  stm32f4xx_hal_rcc.o(i.HAL_RCC_OscConfig)
    HAL_RTC_GetDate                          0x080026cd   Thumb Code    64  stm32f4xx_hal_rtc.o(i.HAL_RTC_GetDate)
    HAL_RTC_GetTime                          0x08002711   Thumb Code    84  stm32f4xx_hal_rtc.o(i.HAL_RTC_GetTime)
    HAL_RTC_Init                             0x08002769   Thumb Code   180  stm32f4xx_hal_rtc.o(i.HAL_RTC_Init)
    HAL_RTC_MspInit                          0x08002821   Thumb Code    16  rtc.o(i.HAL_RTC_MspInit)
    HAL_RTC_WaitForSynchro                   0x08002839   Thumb Code    52  stm32f4xx_hal_rtc.o(i.HAL_RTC_WaitForSynchro)
    HAL_SD_AbortCallback                     0x0800286d   Thumb Code     2  stm32f4xx_hal_sd.o(i.HAL_SD_AbortCallback)
    HAL_SD_ConfigWideBusOperation            0x08002871   Thumb Code   160  stm32f4xx_hal_sd.o(i.HAL_SD_ConfigWideBusOperation)
    HAL_SD_Erase                             0x08002915   Thumb Code   250  stm32f4xx_hal_sd.o(i.HAL_SD_Erase)
    HAL_SD_ErrorCallback                     0x08002a15   Thumb Code     2  stm32f4xx_hal_sd.o(i.HAL_SD_ErrorCallback)
    HAL_SD_GetCardCSD                        0x08002a19   Thumb Code   398  stm32f4xx_hal_sd.o(i.HAL_SD_GetCardCSD)
    HAL_SD_GetCardState                      0x08002bad   Thumb Code    32  stm32f4xx_hal_sd.o(i.HAL_SD_GetCardState)
    HAL_SD_IRQHandler                        0x08002bcd   Thumb Code   460  stm32f4xx_hal_sd.o(i.HAL_SD_IRQHandler)
    HAL_SD_Init                              0x08002da1   Thumb Code    62  stm32f4xx_hal_sd.o(i.HAL_SD_Init)
    HAL_SD_InitCard                          0x08002de1   Thumb Code   110  stm32f4xx_hal_sd.o(i.HAL_SD_InitCard)
    HAL_SD_MspInit                           0x08002e55   Thumb Code   332  sdio.o(i.HAL_SD_MspInit)
    HAL_SD_ReadBlocks_DMA                    0x08002fe1   Thumb Code   312  stm32f4xx_hal_sd.o(i.HAL_SD_ReadBlocks_DMA)
    HAL_SD_RxCpltCallback                    0x08003129   Thumb Code     2  stm32f4xx_hal_sd.o(i.HAL_SD_RxCpltCallback)
    HAL_SD_TxCpltCallback                    0x0800312b   Thumb Code     2  stm32f4xx_hal_sd.o(i.HAL_SD_TxCpltCallback)
    HAL_SD_WriteBlocks_DMA                   0x0800312d   Thumb Code   306  stm32f4xx_hal_sd.o(i.HAL_SD_WriteBlocks_DMA)
    HAL_SYSTICK_Config                       0x08003271   Thumb Code    40  stm32f4xx_hal_cortex.o(i.HAL_SYSTICK_Config)
    HAL_TIMEx_BreakCallback                  0x08003299   Thumb Code     2  stm32f4xx_hal_tim_ex.o(i.HAL_TIMEx_BreakCallback)
    HAL_TIMEx_CommutCallback                 0x0800329b   Thumb Code     2  stm32f4xx_hal_tim_ex.o(i.HAL_TIMEx_CommutCallback)
    HAL_TIMEx_MasterConfigSynchronization    0x0800329d   Thumb Code   102  stm32f4xx_hal_tim_ex.o(i.HAL_TIMEx_MasterConfigSynchronization)
    HAL_TIM_Base_Init                        0x08003319   Thumb Code    56  stm32f4xx_hal_tim.o(i.HAL_TIM_Base_Init)
    HAL_TIM_Base_MspInit                     0x08003351   Thumb Code   118  tim.o(i.HAL_TIM_Base_MspInit)
    HAL_TIM_Base_Start_IT                    0x080033d5   Thumb Code    34  stm32f4xx_hal_tim.o(i.HAL_TIM_Base_Start_IT)
    HAL_TIM_ConfigClockSource                0x080033f7   Thumb Code   226  stm32f4xx_hal_tim.o(i.HAL_TIM_ConfigClockSource)
    HAL_TIM_IC_CaptureCallback               0x080034d9   Thumb Code     2  stm32f4xx_hal_tim.o(i.HAL_TIM_IC_CaptureCallback)
    HAL_TIM_IRQHandler                       0x080034db   Thumb Code   366  stm32f4xx_hal_tim.o(i.HAL_TIM_IRQHandler)
    HAL_TIM_MspPostInit                      0x08003649   Thumb Code    68  tim.o(i.HAL_TIM_MspPostInit)
    HAL_TIM_OC_DelayElapsedCallback          0x08003699   Thumb Code     2  stm32f4xx_hal_tim.o(i.HAL_TIM_OC_DelayElapsedCallback)
    HAL_TIM_PWM_ConfigChannel                0x0800369b   Thumb Code   218  stm32f4xx_hal_tim.o(i.HAL_TIM_PWM_ConfigChannel)
    HAL_TIM_PWM_Init                         0x08003775   Thumb Code    56  stm32f4xx_hal_tim.o(i.HAL_TIM_PWM_Init)
    HAL_TIM_PWM_MspInit                      0x080037ad   Thumb Code     2  stm32f4xx_hal_tim.o(i.HAL_TIM_PWM_MspInit)
    HAL_TIM_PWM_PulseFinishedCallback        0x080037af   Thumb Code     2  stm32f4xx_hal_tim.o(i.HAL_TIM_PWM_PulseFinishedCallback)
    HAL_TIM_PWM_Start                        0x080037b1   Thumb Code    52  stm32f4xx_hal_tim.o(i.HAL_TIM_PWM_Start)
    HAL_TIM_PWM_Stop                         0x080037e9   Thumb Code    78  stm32f4xx_hal_tim.o(i.HAL_TIM_PWM_Stop)
    HAL_TIM_PeriodElapsedCallback            0x0800383d   Thumb Code   284  tim.o(i.HAL_TIM_PeriodElapsedCallback)
    HAL_TIM_TriggerCallback                  0x08003989   Thumb Code     2  stm32f4xx_hal_tim.o(i.HAL_TIM_TriggerCallback)
    HAL_UART_ErrorCallback                   0x0800398b   Thumb Code     2  stm32f4xx_hal_uart.o(i.HAL_UART_ErrorCallback)
    HAL_UART_IRQHandler                      0x0800398d   Thumb Code   272  stm32f4xx_hal_uart.o(i.HAL_UART_IRQHandler)
    HAL_UART_Init                            0x08003aa1   Thumb Code   100  stm32f4xx_hal_uart.o(i.HAL_UART_Init)
    HAL_UART_MspInit                         0x08003b05   Thumb Code   268  usart.o(i.HAL_UART_MspInit)
    HAL_UART_Receive_IT                      0x08003c29   Thumb Code    86  stm32f4xx_hal_uart.o(i.HAL_UART_Receive_IT)
    HAL_UART_RxCpltCallback                  0x08003c81   Thumb Code   224  usart.o(i.HAL_UART_RxCpltCallback)
    HAL_UART_Transmit                        0x08003d7d   Thumb Code   210  stm32f4xx_hal_uart.o(i.HAL_UART_Transmit)
    HAL_UART_TxCpltCallback                  0x08003e4f   Thumb Code     2  stm32f4xx_hal_uart.o(i.HAL_UART_TxCpltCallback)
    HardFault_Handler                        0x08003e51   Thumb Code     2  stm32f4xx_it.o(i.HardFault_Handler)
    IR_RX_Init                               0x08004271   Thumb Code    50  ir_rx_drv.o(i.IR_RX_Init)
    IR_RX_Interrupt_fun                      0x080042ad   Thumb Code   200  ir_rx_drv.o(i.IR_RX_Interrupt_fun)
    IR_RX_TimeSequence_parse                 0x08004385   Thumb Code   260  ir_rx_parse.o(i.IR_RX_TimeSequence_parse)
    IR_TX_DataToTimeSequence                 0x08004489   Thumb Code   232  ir_tx_encode.o(i.IR_TX_DataToTimeSequence)
    IR_TX_Init                               0x08004571   Thumb Code    12  ir_tx_drv.o(i.IR_TX_Init)
    IR_TX_Interrupt_fun                      0x08004581   Thumb Code   144  ir_tx_drv.o(i.IR_TX_Interrupt_fun)
    MX_ADC1_Init                             0x08004621   Thumb Code   110  adc.o(i.MX_ADC1_Init)
    MX_DMA_Init                              0x0800469d   Thumb Code    72  dma.o(i.MX_DMA_Init)
    MX_GPIO_Init                             0x080046e9   Thumb Code   170  gpio.o(i.MX_GPIO_Init)
    MX_I2C1_Init                             0x080047a1   Thumb Code    50  i2c.o(i.MX_I2C1_Init)
    MX_RTC_Init                              0x080047e1   Thumb Code    54  rtc.o(i.MX_RTC_Init)
    MX_SDIO_SD_Init                          0x08004821   Thumb Code    56  sdio.o(i.MX_SDIO_SD_Init)
    MX_TIM10_Init                            0x08004861   Thumb Code    44  tim.o(i.MX_TIM10_Init)
    MX_TIM2_Init                             0x08004895   Thumb Code    94  tim.o(i.MX_TIM2_Init)
    MX_TIM5_Init                             0x080048f9   Thumb Code   144  tim.o(i.MX_TIM5_Init)
    MX_USART1_UART_Init                      0x08004991   Thumb Code    48  usart.o(i.MX_USART1_UART_Init)
    MX_USART2_UART_Init                      0x080049c9   Thumb Code    48  usart.o(i.MX_USART2_UART_Init)
    MX_USART6_UART_Init                      0x08004a01   Thumb Code    48  usart.o(i.MX_USART6_UART_Init)
    MemManage_Handler                        0x08004a39   Thumb Code     2  stm32f4xx_it.o(i.MemManage_Handler)
    NMI_Handler                              0x08004a3b   Thumb Code     2  stm32f4xx_it.o(i.NMI_Handler)
    PendSV_Handler                           0x08004a3d   Thumb Code     2  stm32f4xx_it.o(i.PendSV_Handler)
    PrintSdCard_BlockNbr                     0x08004a41   Thumb Code    10  tf_sdio_drv.o(i.PrintSdCard_BlockNbr)
    PrintSdCard_BlockSize                    0x08004a6d   Thumb Code    10  tf_sdio_drv.o(i.PrintSdCard_BlockSize)
    PrintSdCard_CID                          0x08004a95   Thumb Code   118  tf_sdio_drv.o(i.PrintSdCard_CID)
    PrintSdCard_Class                        0x08004b21   Thumb Code    10  tf_sdio_drv.o(i.PrintSdCard_Class)
    PrintSdCard_LogBlockNbr                  0x08004b45   Thumb Code    10  tf_sdio_drv.o(i.PrintSdCard_LogBlockNbr)
    PrintSdCard_LogBlockSize                 0x08004b79   Thumb Code    10  tf_sdio_drv.o(i.PrintSdCard_LogBlockSize)
    PrintSdCard_RCA                          0x08004ba9   Thumb Code    14  tf_sdio_drv.o(i.PrintSdCard_RCA)
    PrintSdCard_State                        0x08004bd1   Thumb Code    20  tf_sdio_drv.o(i.PrintSdCard_State)
    PrintSdCard_Type                         0x08004bfd   Thumb Code    30  tf_sdio_drv.o(i.PrintSdCard_Type)
    PrintSdCard_Version                      0x08004c6d   Thumb Code    30  tf_sdio_drv.o(i.PrintSdCard_Version)
    PrintSdio_State                          0x08004cdd   Thumb Code    12  tf_sdio_drv.o(i.PrintSdio_State)
    RTC_Bcd2ToByte                           0x08004cfd   Thumb Code    18  stm32f4xx_hal_rtc.o(i.RTC_Bcd2ToByte)
    RTC_EnterInitMode                        0x08004d0f   Thumb Code    56  stm32f4xx_hal_rtc.o(i.RTC_EnterInitMode)
    SDIO_ConfigData                          0x08004d47   Thumb Code    36  stm32f4xx_ll_sdmmc.o(i.SDIO_ConfigData)
    SDIO_GetCommandResponse                  0x08004d6b   Thumb Code     6  stm32f4xx_ll_sdmmc.o(i.SDIO_GetCommandResponse)
    SDIO_GetPowerState                       0x08004d71   Thumb Code     8  stm32f4xx_ll_sdmmc.o(i.SDIO_GetPowerState)
    SDIO_GetResponse                         0x08004d79   Thumb Code     6  stm32f4xx_ll_sdmmc.o(i.SDIO_GetResponse)
    SDIO_IRQHandler                          0x08004d81   Thumb Code     6  stm32f4xx_it.o(i.SDIO_IRQHandler)
    SDIO_Init                                0x08004d8d   Thumb Code    42  stm32f4xx_ll_sdmmc.o(i.SDIO_Init)
    SDIO_PowerState_ON                       0x08004db7   Thumb Code    16  stm32f4xx_ll_sdmmc.o(i.SDIO_PowerState_ON)
    SDIO_ReadFIFO                            0x08004dc7   Thumb Code     6  stm32f4xx_ll_sdmmc.o(i.SDIO_ReadFIFO)
    SDIO_SendCommand                         0x08004dcd   Thumb Code    32  stm32f4xx_ll_sdmmc.o(i.SDIO_SendCommand)
    SDIO_WriteFIFO                           0x08004ded   Thumb Code    10  stm32f4xx_ll_sdmmc.o(i.SDIO_WriteFIFO)
    SDMMC_CmdAppCommand                      0x08004df7   Thumb Code    50  stm32f4xx_ll_sdmmc.o(i.SDMMC_CmdAppCommand)
    SDMMC_CmdAppOperCommand                  0x08004e29   Thumb Code    46  stm32f4xx_ll_sdmmc.o(i.SDMMC_CmdAppOperCommand)
    SDMMC_CmdBlockLength                     0x08004e5d   Thumb Code    50  stm32f4xx_ll_sdmmc.o(i.SDMMC_CmdBlockLength)
    SDMMC_CmdBusWidth                        0x08004e8f   Thumb Code    50  stm32f4xx_ll_sdmmc.o(i.SDMMC_CmdBusWidth)
    SDMMC_CmdErase                           0x08004ec1   Thumb Code    48  stm32f4xx_ll_sdmmc.o(i.SDMMC_CmdErase)
    SDMMC_CmdGoIdleState                     0x08004ef1   Thumb Code    40  stm32f4xx_ll_sdmmc.o(i.SDMMC_CmdGoIdleState)
    SDMMC_CmdOperCond                        0x08004f19   Thumb Code    48  stm32f4xx_ll_sdmmc.o(i.SDMMC_CmdOperCond)
    SDMMC_CmdReadMultiBlock                  0x08004f49   Thumb Code    50  stm32f4xx_ll_sdmmc.o(i.SDMMC_CmdReadMultiBlock)
    SDMMC_CmdReadSingleBlock                 0x08004f7b   Thumb Code    50  stm32f4xx_ll_sdmmc.o(i.SDMMC_CmdReadSingleBlock)
    SDMMC_CmdSDEraseEndAdd                   0x08004fad   Thumb Code    50  stm32f4xx_ll_sdmmc.o(i.SDMMC_CmdSDEraseEndAdd)
    SDMMC_CmdSDEraseStartAdd                 0x08004fdf   Thumb Code    50  stm32f4xx_ll_sdmmc.o(i.SDMMC_CmdSDEraseStartAdd)
    SDMMC_CmdSelDesel                        0x08005011   Thumb Code    50  stm32f4xx_ll_sdmmc.o(i.SDMMC_CmdSelDesel)
    SDMMC_CmdSendCID                         0x08005043   Thumb Code    44  stm32f4xx_ll_sdmmc.o(i.SDMMC_CmdSendCID)
    SDMMC_CmdSendCSD                         0x0800506f   Thumb Code    44  stm32f4xx_ll_sdmmc.o(i.SDMMC_CmdSendCSD)
    SDMMC_CmdSendSCR                         0x0800509b   Thumb Code    48  stm32f4xx_ll_sdmmc.o(i.SDMMC_CmdSendSCR)
    SDMMC_CmdSendStatus                      0x080050cb   Thumb Code    50  stm32f4xx_ll_sdmmc.o(i.SDMMC_CmdSendStatus)
    SDMMC_CmdSetRelAdd                       0x080050fd   Thumb Code    48  stm32f4xx_ll_sdmmc.o(i.SDMMC_CmdSetRelAdd)
    SDMMC_CmdStopTransfer                    0x0800512d   Thumb Code    46  stm32f4xx_ll_sdmmc.o(i.SDMMC_CmdStopTransfer)
    SDMMC_CmdWriteMultiBlock                 0x08005161   Thumb Code    50  stm32f4xx_ll_sdmmc.o(i.SDMMC_CmdWriteMultiBlock)
    SDMMC_CmdWriteSingleBlock                0x08005193   Thumb Code    50  stm32f4xx_ll_sdmmc.o(i.SDMMC_CmdWriteSingleBlock)
    SHT30_Dat_To_Float                       0x080059cd   Thumb Code   116  sht30_i2c_drv.o(i.SHT30_Dat_To_Float)
    SHT30_Init                               0x08005a51   Thumb Code     8  sht30_i2c_drv.o(i.SHT30_Init)
    SHT30_Read_Dat                           0x08005a59   Thumb Code    32  sht30_i2c_drv.o(i.SHT30_Read_Dat)
    SHT30_Reset                              0x08005a7d   Thumb Code    20  sht30_i2c_drv.o(i.SHT30_Reset)
    SVC_Handler                              0x08005ab5   Thumb Code     2  stm32f4xx_it.o(i.SVC_Handler)
    SysTick_Handler                          0x08005ab7   Thumb Code     4  stm32f4xx_it.o(i.SysTick_Handler)
    SystemClock_Config                       0x08005abd   Thumb Code   170  main.o(i.SystemClock_Config)
    SystemInit                               0x08005b71   Thumb Code    22  system_stm32f4xx.o(i.SystemInit)
    TIM1_UP_TIM10_IRQHandler                 0x08005b8d   Thumb Code     6  stm32f4xx_it.o(i.TIM1_UP_TIM10_IRQHandler)
    TIM2_IRQHandler                          0x08005b99   Thumb Code     6  stm32f4xx_it.o(i.TIM2_IRQHandler)
    TIM_Base_SetConfig                       0x08005ba5   Thumb Code   122  stm32f4xx_hal_tim.o(i.TIM_Base_SetConfig)
    TIM_CCxChannelCmd                        0x08005c3d   Thumb Code    26  stm32f4xx_hal_tim.o(i.TIM_CCxChannelCmd)
    TIM_ETR_SetConfig                        0x08005c57   Thumb Code    20  stm32f4xx_hal_tim.o(i.TIM_ETR_SetConfig)
    TIM_OC2_SetConfig                        0x08005cdd   Thumb Code    94  stm32f4xx_hal_tim.o(i.TIM_OC2_SetConfig)
    USART1_IRQHandler                        0x080061bd   Thumb Code     6  stm32f4xx_it.o(i.USART1_IRQHandler)
    USART2_IRQHandler                        0x080061c9   Thumb Code     6  stm32f4xx_it.o(i.USART2_IRQHandler)
    USART6_IRQHandler                        0x080061d5   Thumb Code     6  stm32f4xx_it.o(i.USART6_IRQHandler)
    Uart6Tx_Hex2Char                         0x080061e1   Thumb Code    90  usart.o(i.Uart6Tx_Hex2Char)
    UsageFault_Handler                       0x08006249   Thumb Code     2  stm32f4xx_it.o(i.UsageFault_Handler)
    __0printf                                0x0800624d   Thumb Code    22  printfa.o(i.__0printf)
    __1printf                                0x0800624d   Thumb Code     0  printfa.o(i.__0printf)
    __2printf                                0x0800624d   Thumb Code     0  printfa.o(i.__0printf)
    __c89printf                              0x0800624d   Thumb Code     0  printfa.o(i.__0printf)
    printf                                   0x0800624d   Thumb Code     0  printfa.o(i.__0printf)
    __0sprintf                               0x0800626d   Thumb Code    34  printfa.o(i.__0sprintf)
    __1sprintf                               0x0800626d   Thumb Code     0  printfa.o(i.__0sprintf)
    __2sprintf                               0x0800626d   Thumb Code     0  printfa.o(i.__0sprintf)
    __c89sprintf                             0x0800626d   Thumb Code     0  printfa.o(i.__0sprintf)
    sprintf                                  0x0800626d   Thumb Code     0  printfa.o(i.__0sprintf)
    __scatterload_copy                       0x080062b5   Thumb Code    14  handlers.o(i.__scatterload_copy)
    __scatterload_null                       0x080062c3   Thumb Code     2  handlers.o(i.__scatterload_null)
    __scatterload_zeroinit                   0x080062c5   Thumb Code    14  handlers.o(i.__scatterload_zeroinit)
    all_data_update                          0x08006b91   Thumb Code    72  protocol.o(i.all_data_update)
    byte_to_int                              0x08006bdd   Thumb Code    22  mcu_api.o(i.byte_to_int)
    data_handle                              0x08006bf5   Thumb Code   160  system.o(i.data_handle)
    dp_download_handle                       0x08006cdd   Thumb Code    40  protocol.o(i.dp_download_handle)
    fputc                                    0x08006e11   Thumb Code    18  usart.o(i.fputc)
    get_check_sum                            0x08006e29   Thumb Code    28  system.o(i.get_check_sum)
    get_download_cmd_total                   0x08006e6d   Thumb Code     4  protocol.o(i.get_download_cmd_total)
    main                                     0x08006eb1   Thumb Code  1918  main.o(i.main)
    mcu_dp_bool_update                       0x0800774d   Thumb Code    76  mcu_api.o(i.mcu_dp_bool_update)
    mcu_dp_value_update                      0x0800779d   Thumb Code    86  mcu_api.o(i.mcu_dp_value_update)
    mcu_get_dp_download_bool                 0x080077f9   Thumb Code     4  mcu_api.o(i.mcu_get_dp_download_bool)
    mcu_get_dp_download_value                0x080077fd   Thumb Code     4  mcu_api.o(i.mcu_get_dp_download_value)
    mcu_get_wifi_work_state                  0x08007801   Thumb Code     6  mcu_api.o(i.mcu_get_wifi_work_state)
    mcu_reset_wifi                           0x0800780d   Thumb Code    16  mcu_api.o(i.mcu_reset_wifi)
    my_memcpy                                0x08007821   Thumb Code    70  mcu_api.o(i.my_memcpy)
    my_strlen                                0x08007867   Thumb Code    22  mcu_api.o(i.my_strlen)
    set_wifi_uart_buffer                     0x08007949   Thumb Code    24  system.o(i.set_wifi_uart_buffer)
    set_wifi_uart_byte                       0x08007965   Thumb Code    12  system.o(i.set_wifi_uart_byte)
    take_byte_rxbuff                         0x08007975   Thumb Code    30  system.o(i.take_byte_rxbuff)
    uart_receive_input                       0x0800799d   Thumb Code    48  mcu_api.o(i.uart_receive_input)
    uart_transmit_output                     0x080079d9   Thumb Code    18  protocol.o(i.uart_transmit_output)
    wifi_protocol_init                       0x080079f5   Thumb Code    24  mcu_api.o(i.wifi_protocol_init)
    wifi_test_result                         0x08007a21   Thumb Code     2  protocol.o(i.wifi_test_result)
    wifi_uart_service                        0x08007a25   Thumb Code   180  mcu_api.o(i.wifi_uart_service)
    wifi_uart_write_frame                    0x08007b01   Thumb Code    54  system.o(i.wifi_uart_write_frame)
    with_data_rxbuff                         0x08007b3d   Thumb Code    18  system.o(i.with_data_rxbuff)
    AHBPrescTable                            0x08007b5c   Data          16  system_stm32f4xx.o(.constdata)
    APBPrescTable                            0x08007b6c   Data           8  system_stm32f4xx.o(.constdata)
    download_cmd                             0x08007b74   Data          16  protocol.o(.constdata)
    Region$$Table$$Base                      0x08007b84   Number         0  anon$$obj.o(Region$$Table)
    Region$$Table$$Limit                     0x08007ba4   Number         0  anon$$obj.o(Region$$Table)
    Time10_i                                 0x20000000   Data           4  main.o(.data)
    Usart1DataLen                            0x20000004   Data           1  main.o(.data)
    Usart2DataLen                            0x20000005   Data           1  main.o(.data)
    Usart6DataLen                            0x20000006   Data           1  main.o(.data)
    test1                                    0x20000007   Data           1  main.o(.data)
    test_parse                               0x20000008   Data           1  main.o(.data)
    test_parse_data_len                      0x20000009   Data           1  main.o(.data)
    i4                                       0x2000000a   Data           2  main.o(.data)
    Led_i                                    0x2000000c   Data           4  main.o(.data)
    Print_i                                  0x20000010   Data           4  main.o(.data)
    Adc1N1                                   0x20000014   Data           4  main.o(.data)
    temperature                              0x20000018   Data           4  main.o(.data)
    humidity                                 0x2000001c   Data           4  main.o(.data)
    test_i                                   0x20000020   Data           4  main.o(.data)
    Usart1DataAdr                            0x20000024   Data           4  main.o(.data)
    Usart2DataAdr                            0x20000028   Data           4  main.o(.data)
    Usart6DataAdr                            0x2000002c   Data           4  main.o(.data)
    recv_dat                                 0x20000030   Data           6  main.o(.data)
    AdcChr                                   0x20000036   Data          20  main.o(.data)
    AdcChr1                                  0x2000004a   Data          50  main.o(.data)
    IicChr                                   0x2000007c   Data          20  main.o(.data)
    IicChr1                                  0x20000090   Data          50  main.o(.data)
    RtcChr                                   0x200000c2   Data          20  main.o(.data)
    RtcChr1                                  0x200000d6   Data          50  main.o(.data)
    Adc1Value                                0x20000108   Data           8  adc.o(.data)
    Adc_i                                    0x20000110   Data           4  adc.o(.data)
    IIc_i                                    0x20000114   Data           4  i2c.o(.data)
    Key1S                                    0x20000118   Data           1  tim.o(.data)
    PreKey1S                                 0x20000119   Data           1  tim.o(.data)
    IR_RX_Pin_state                          0x2000011a   Data           1  tim.o(.data)
    Key_i                                    0x2000011c   Data           4  tim.o(.data)
    Key1F                                    0x20000120   Data           4  tim.o(.data)
    Usart1RxData_i                           0x20000124   Data           1  usart.o(.data)
    Usart2RxData_i                           0x20000125   Data           1  usart.o(.data)
    Usart6RxData_i                           0x20000126   Data           1  usart.o(.data)
    Usart1RxBuff                             0x20000127   Data           1  usart.o(.data)
    Usart2RxBuff                             0x20000128   Data           1  usart.o(.data)
    Usart6RxBuff                             0x20000129   Data           1  usart.o(.data)
    Usart1Rx                                 0x2000012c   Data          16  usart.o(.data)
    Usart2Rx                                 0x2000013c   Data          16  usart.o(.data)
    Usart6Rx                                 0x2000014c   Data          16  usart.o(.data)
    Hex2Char                                 0x2000015c   Data          16  usart.o(.data)
    uwTickFreq                               0x2000016c   Data           1  stm32f4xx_hal.o(.data)
    uwTickPrio                               0x20000170   Data           4  stm32f4xx_hal.o(.data)
    uwTick                                   0x20000174   Data           4  stm32f4xx_hal.o(.data)
    SystemCoreClock                          0x20000178   Data           4  system_stm32f4xx.o(.data)
    ChargeState                              0x20000180   Data           1  protocol.o(.data)
    SwitchState                              0x20000181   Data           1  protocol.o(.data)
    LedState                                 0x20000182   Data           1  protocol.o(.data)
    uart_value                               0x20000183   Data           1  protocol.o(.data)
    CurrentTemperature                       0x20000184   Data           4  protocol.o(.data)
    CurrentHumidity                          0x20000188   Data           4  protocol.o(.data)
    BatteryLevel                             0x2000018c   Data           4  protocol.o(.data)
    TemperatureCycleReport                   0x20000190   Data           4  protocol.o(.data)
    HumidityPeriodicReport                   0x20000194   Data           4  protocol.o(.data)
    reset_wifi_flag                          0x20000199   Data           1  system.o(.data)
    set_wifimode_flag                        0x2000019a   Data           1  system.o(.data)
    wifi_work_state                          0x2000019b   Data           1  system.o(.data)
    rx_buf_in                                0x2000019c   Data           4  system.o(.data)
    rx_buf_out                               0x200001a0   Data           4  system.o(.data)
    stop_update_flag                         0x200001a4   Data           1  system.o(.data)
    IR_RX_Port_en                            0x200001a8   Data           1  ir_rx_drv.o(.data)
    IR_RX_Pin_pre                            0x200001a9   Data           1  ir_rx_drv.o(.data)
    IR_RX_Pin_now                            0x200001aa   Data           1  ir_rx_drv.o(.data)
    DataStart_flag                           0x200001ab   Data           1  ir_rx_drv.o(.data)
    DataDownToUp_flag                        0x200001ac   Data           1  ir_rx_drv.o(.data)
    IR_RX_Level_i                            0x200001ae   Data           2  ir_rx_drv.o(.data)
    IR_RX_tim                                0x200001b0   Data           4  ir_rx_drv.o(.data)
    IR_RX_Pin_state_tim1                     0x200001b4   Data           4  ir_rx_drv.o(.data)
    IR_RX_Pin_state_tim2                     0x200001b8   Data           4  ir_rx_drv.o(.data)
    IR_RX_Pin_state_tim3                     0x200001bc   Data           4  ir_rx_drv.o(.data)
    IR_RX_Pin_state_lowtim                   0x200001c0   Data           4  ir_rx_drv.o(.data)
    IR_RX_Pin_state_higtim                   0x200001c4   Data           4  ir_rx_drv.o(.data)
    AC_buff_i                                0x200001c8   Data           1  ir_tx_app.o(.data)
    IR_TX_TimeSequence_len                   0x200001ca   Data           2  ir_tx_encode.o(.data)
    IR_TX_Port_en                            0x200001cc   Data           1  ir_tx_drv.o(.data)
    IR_TX_i                                  0x200001ce   Data           2  ir_tx_drv.o(.data)
    IR_TX_tim                                0x200001d0   Data           4  ir_tx_drv.o(.data)
    __stdout                                 0x200001d4   Data           4  stdout.o(.data)
    mypData                                  0x200001d8   Data        5120  main.o(.bss)
    mypData1                                 0x200015d8   Data        5120  main.o(.bss)
    test_parse_data                          0x200029d8   Data         100  main.o(.bss)
    myRTCTimeDates                           0x20002a3c   Data          24  main.o(.bss)
    hadc1                                    0x20002a54   Data          72  adc.o(.bss)
    hdma_adc1                                0x20002a9c   Data          96  adc.o(.bss)
    hi2c1                                    0x20002afc   Data          84  i2c.o(.bss)
    hrtc                                     0x20002b50   Data          32  rtc.o(.bss)
    hsd                                      0x20002b70   Data         132  sdio.o(.bss)
    hdma_sdio_rx                             0x20002bf4   Data          96  sdio.o(.bss)
    hdma_sdio_tx                             0x20002c54   Data          96  sdio.o(.bss)
    htim2                                    0x20002cb4   Data          64  tim.o(.bss)
    htim5                                    0x20002cf4   Data          64  tim.o(.bss)
    htim10                                   0x20002d34   Data          64  tim.o(.bss)
    Usart1RxData                             0x20002d74   Data         255  usart.o(.bss)
    Usart2RxData                             0x20002e73   Data         255  usart.o(.bss)
    Usart6RxData                             0x20002f72   Data         255  usart.o(.bss)
    huart1                                   0x20003074   Data          64  usart.o(.bss)
    huart2                                   0x200030b4   Data          64  usart.o(.bss)
    huart6                                   0x200030f4   Data          64  usart.o(.bss)
    wifi_data_process_buf                    0x20003134   Data          31  system.o(.bss)
    wifi_uart_rx_buf                         0x20003153   Data          23  system.o(.bss)
    wifi_uart_tx_buf                         0x2000316a   Data          55  system.o(.bss)
    IR_RX_Level_h                            0x200031a2   Data        1000  ir_rx_drv.o(.bss)
    IR_RX_Level_l                            0x2000358a   Data        1000  ir_rx_drv.o(.bss)
    AC_buff                                  0x20003972   Data          50  ir_tx_app.o(.bss)
    IR_TX_TimeSequence                       0x200039a4   Data         700  ir_tx_encode.o(.bss)
    __initial_sp                             0x20004060   Data           0  startup_stm32f401xc.o(STACK)



==============================================================================

Memory Map of the image

  Image Entry point : 0x08000195

  Load Region LR_IROM1 (Base: 0x08000000, Size: 0x00007d7c, Max: 0x00040000, ABSOLUTE, COMPRESSED[0x00007bec])

    Execution Region ER_IROM1 (Exec base: 0x08000000, Load base: 0x08000000, Size: 0x00007ba4, Max: 0x00040000, ABSOLUTE)

    Exec Addr    Load Addr    Size         Type   Attr      Idx    E Section Name        Object

    0x08000000   0x08000000   0x00000194   Data   RO            3    RESET               startup_stm32f401xc.o
    0x08000194   0x08000194   0x00000000   Code   RO         5663  * .ARM.Collect$$$$00000000  mc_w.l(entry.o)
    0x08000194   0x08000194   0x00000004   Code   RO         5945    .ARM.Collect$$$$00000001  mc_w.l(entry2.o)
    0x08000198   0x08000198   0x00000004   Code   RO         5948    .ARM.Collect$$$$00000004  mc_w.l(entry5.o)
    0x0800019c   0x0800019c   0x00000000   Code   RO         5950    .ARM.Collect$$$$00000008  mc_w.l(entry7b.o)
    0x0800019c   0x0800019c   0x00000000   Code   RO         5952    .ARM.Collect$$$$0000000A  mc_w.l(entry8b.o)
    0x0800019c   0x0800019c   0x00000008   Code   RO         5953    .ARM.Collect$$$$0000000B  mc_w.l(entry9a.o)
    0x080001a4   0x080001a4   0x00000000   Code   RO         5955    .ARM.Collect$$$$0000000D  mc_w.l(entry10a.o)
    0x080001a4   0x080001a4   0x00000000   Code   RO         5957    .ARM.Collect$$$$0000000F  mc_w.l(entry11a.o)
    0x080001a4   0x080001a4   0x00000004   Code   RO         5946    .ARM.Collect$$$$00002712  mc_w.l(entry2.o)
    0x080001a8   0x080001a8   0x00000024   Code   RO            4    .text               startup_stm32f401xc.o
    0x080001cc   0x080001cc   0x00000062   Code   RO         5666    .text               mc_w.l(uldiv.o)
    0x0800022e   0x0800022e   0x00000024   Code   RO         5668    .text               mc_w.l(memcpya.o)
    0x08000252   0x08000252   0x00000024   Code   RO         5670    .text               mc_w.l(memseta.o)
    0x08000276   0x08000276   0x0000001e   Code   RO         5672    .text               mc_w.l(strncmp.o)
    0x08000294   0x08000294   0x000000e4   Code   RO         5937    .text               mf_w.l(dmul.o)
    0x08000378   0x08000378   0x000000de   Code   RO         5939    .text               mf_w.l(ddiv.o)
    0x08000456   0x08000456   0x00000026   Code   RO         5941    .text               mf_w.l(f2d.o)
    0x0800047c   0x0800047c   0x00000038   Code   RO         5943    .text               mf_w.l(d2f.o)
    0x080004b4   0x080004b4   0x0000002c   Code   RO         5960    .text               mc_w.l(uidiv.o)
    0x080004e0   0x080004e0   0x0000001e   Code   RO         5962    .text               mc_w.l(llshl.o)
    0x080004fe   0x080004fe   0x00000020   Code   RO         5964    .text               mc_w.l(llushr.o)
    0x0800051e   0x0800051e   0x00000000   Code   RO         5966    .text               mc_w.l(iusefp.o)
    0x0800051e   0x0800051e   0x0000006e   Code   RO         5967    .text               mf_w.l(fepilogue.o)
    0x0800058c   0x0800058c   0x000000ba   Code   RO         5969    .text               mf_w.l(depilogue.o)
    0x08000646   0x08000646   0x0000014e   Code   RO         5971    .text               mf_w.l(dadd.o)
    0x08000794   0x08000794   0x00000030   Code   RO         5973    .text               mf_w.l(dfixul.o)
    0x080007c4   0x080007c4   0x00000030   Code   RO         5975    .text               mf_w.l(cdrcmple.o)
    0x080007f4   0x080007f4   0x00000024   Code   RO         5977    .text               mc_w.l(init.o)
    0x08000818   0x08000818   0x00000024   Code   RO         5979    .text               mc_w.l(llsshr.o)
    0x0800083c   0x0800083c   0x00000056   Code   RO         5989    .text               mc_w.l(__dczerorl2.o)
    0x08000892   0x08000892   0x0000006e   Code   RO          973    i.ADC_DMAConvCplt   stm32f4xx_hal_adc.o
    0x08000900   0x08000900   0x00000016   Code   RO          974    i.ADC_DMAError      stm32f4xx_hal_adc.o
    0x08000916   0x08000916   0x0000000a   Code   RO          975    i.ADC_DMAHalfConvCplt  stm32f4xx_hal_adc.o
    0x08000920   0x08000920   0x0000000c   Code   RO          813    i.ADC_IRQHandler    stm32f4xx_it.o
    0x0800092c   0x0800092c   0x00000130   Code   RO          976    i.ADC_Init          stm32f4xx_hal_adc.o
    0x08000a5c   0x08000a5c   0x000001d8   Code   RO         5587    i.AirConditioner_Set  ir_tx_app.o
    0x08000c34   0x08000c34   0x000000cc   Code   RO         5588    i.AirConditioner_ShutDown  ir_tx_app.o
    0x08000d00   0x08000d00   0x00000002   Code   RO          814    i.BusFault_Handler  stm32f4xx_it.o
    0x08000d02   0x08000d02   0x00000032   Code   RO           13    i.CheckCrc8         sht30_i2c_drv.o
    0x08000d34   0x08000d34   0x0000000c   Code   RO          815    i.DMA2_Stream0_IRQHandler  stm32f4xx_it.o
    0x08000d40   0x08000d40   0x0000000c   Code   RO          816    i.DMA2_Stream3_IRQHandler  stm32f4xx_it.o
    0x08000d4c   0x08000d4c   0x0000000c   Code   RO          817    i.DMA2_Stream6_IRQHandler  stm32f4xx_it.o
    0x08000d58   0x08000d58   0x0000002c   Code   RO         1786    i.DMA_CalcBaseAndBitshift  stm32f4xx_hal_dma.o
    0x08000d84   0x08000d84   0x00000078   Code   RO         1787    i.DMA_CheckFifoParam  stm32f4xx_hal_dma.o
    0x08000dfc   0x08000dfc   0x0000002a   Code   RO         1788    i.DMA_SetConfig     stm32f4xx_hal_dma.o
    0x08000e26   0x08000e26   0x00000002   Code   RO          818    i.DebugMon_Handler  stm32f4xx_it.o
    0x08000e28   0x08000e28   0x00000002   Code   RO          293    i.Error_Handler     main.o
    0x08000e2a   0x08000e2a   0x00000002   PAD
    0x08000e2c   0x08000e2c   0x00000038   Code   RO          534    i.GetRTC            rtc.o
    0x08000e64   0x08000e64   0x00000008   Code   RO          703    i.GetUsart1RxData   usart.o
    0x08000e6c   0x08000e6c   0x00000010   Code   RO          704    i.GetUsart1RxDataLen  usart.o
    0x08000e7c   0x08000e7c   0x00000008   Code   RO          705    i.GetUsart2RxData   usart.o
    0x08000e84   0x08000e84   0x00000010   Code   RO          706    i.GetUsart2RxDataLen  usart.o
    0x08000e94   0x08000e94   0x00000008   Code   RO          707    i.GetUsart6RxData   usart.o
    0x08000e9c   0x08000e9c   0x00000010   Code   RO          708    i.GetUsart6RxDataLen  usart.o
    0x08000eac   0x08000eac   0x00000002   Code   RO         1147    i.HAL_ADCEx_InjectedConvCpltCallback  stm32f4xx_hal_adc_ex.o
    0x08000eae   0x08000eae   0x00000002   PAD
    0x08000eb0   0x08000eb0   0x00000158   Code   RO          978    i.HAL_ADC_ConfigChannel  stm32f4xx_hal_adc.o
    0x08001008   0x08001008   0x00000002   Code   RO          979    i.HAL_ADC_ConvCpltCallback  stm32f4xx_hal_adc.o
    0x0800100a   0x0800100a   0x00000002   Code   RO          980    i.HAL_ADC_ConvHalfCpltCallback  stm32f4xx_hal_adc.o
    0x0800100c   0x0800100c   0x00000002   Code   RO          982    i.HAL_ADC_ErrorCallback  stm32f4xx_hal_adc.o
    0x0800100e   0x0800100e   0x0000013e   Code   RO          986    i.HAL_ADC_IRQHandler  stm32f4xx_hal_adc.o
    0x0800114c   0x0800114c   0x00000054   Code   RO          987    i.HAL_ADC_Init      stm32f4xx_hal_adc.o
    0x080011a0   0x080011a0   0x00000002   Code   RO          988    i.HAL_ADC_LevelOutOfWindowCallback  stm32f4xx_hal_adc.o
    0x080011a2   0x080011a2   0x00000002   PAD
    0x080011a4   0x080011a4   0x000000a8   Code   RO          424    i.HAL_ADC_MspInit   adc.o
    0x0800124c   0x0800124c   0x00000120   Code   RO          994    i.HAL_ADC_Start_DMA  stm32f4xx_hal_adc.o
    0x0800136c   0x0800136c   0x00000024   Code   RO         1790    i.HAL_DMA_Abort_IT  stm32f4xx_hal_dma.o
    0x08001390   0x08001390   0x00000004   Code   RO         1792    i.HAL_DMA_GetError  stm32f4xx_hal_dma.o
    0x08001394   0x08001394   0x000001d0   Code   RO         1794    i.HAL_DMA_IRQHandler  stm32f4xx_hal_dma.o
    0x08001564   0x08001564   0x000000d4   Code   RO         1795    i.HAL_DMA_Init      stm32f4xx_hal_dma.o
    0x08001638   0x08001638   0x0000006e   Code   RO         1799    i.HAL_DMA_Start_IT  stm32f4xx_hal_dma.o
    0x080016a6   0x080016a6   0x00000002   PAD
    0x080016a8   0x080016a8   0x00000024   Code   RO         2232    i.HAL_Delay         stm32f4xx_hal.o
    0x080016cc   0x080016cc   0x00000188   Code   RO         1682    i.HAL_GPIO_Init     stm32f4xx_hal_gpio.o
    0x08001854   0x08001854   0x0000000e   Code   RO         1684    i.HAL_GPIO_ReadPin  stm32f4xx_hal_gpio.o
    0x08001862   0x08001862   0x00000012   Code   RO         1685    i.HAL_GPIO_TogglePin  stm32f4xx_hal_gpio.o
    0x08001874   0x08001874   0x0000000e   Code   RO         1686    i.HAL_GPIO_WritePin  stm32f4xx_hal_gpio.o
    0x08001882   0x08001882   0x00000002   PAD
    0x08001884   0x08001884   0x0000000c   Code   RO         2238    i.HAL_GetTick       stm32f4xx_hal.o
    0x08001890   0x08001890   0x00000198   Code   RO         2494    i.HAL_I2C_Init      stm32f4xx_hal_i2c.o
    0x08001a28   0x08001a28   0x0000028c   Code   RO         2500    i.HAL_I2C_Master_Receive  stm32f4xx_hal_i2c.o
    0x08001cb4   0x08001cb4   0x00000148   Code   RO         2507    i.HAL_I2C_Master_Transmit  stm32f4xx_hal_i2c.o
    0x08001dfc   0x08001dfc   0x00000078   Code   RO          492    i.HAL_I2C_MspInit   i2c.o
    0x08001e74   0x08001e74   0x00000010   Code   RO         2244    i.HAL_IncTick       stm32f4xx_hal.o
    0x08001e84   0x08001e84   0x00000034   Code   RO         2245    i.HAL_Init          stm32f4xx_hal.o
    0x08001eb8   0x08001eb8   0x00000044   Code   RO         2246    i.HAL_InitTick      stm32f4xx_hal.o
    0x08001efc   0x08001efc   0x00000030   Code   RO          949    i.HAL_MspInit       stm32f4xx_hal_msp.o
    0x08001f2c   0x08001f2c   0x0000001a   Code   RO         2095    i.HAL_NVIC_EnableIRQ  stm32f4xx_hal_cortex.o
    0x08001f46   0x08001f46   0x00000002   PAD
    0x08001f48   0x08001f48   0x00000040   Code   RO         2101    i.HAL_NVIC_SetPriority  stm32f4xx_hal_cortex.o
    0x08001f88   0x08001f88   0x00000024   Code   RO         2102    i.HAL_NVIC_SetPriorityGrouping  stm32f4xx_hal_cortex.o
    0x08001fac   0x08001fac   0x0000015c   Code   RO         1354    i.HAL_RCCEx_PeriphCLKConfig  stm32f4xx_hal_rcc_ex.o
    0x08002108   0x08002108   0x0000014c   Code   RO         1249    i.HAL_RCC_ClockConfig  stm32f4xx_hal_rcc.o
    0x08002254   0x08002254   0x0000000c   Code   RO         1254    i.HAL_RCC_GetHCLKFreq  stm32f4xx_hal_rcc.o
    0x08002260   0x08002260   0x00000020   Code   RO         1256    i.HAL_RCC_GetPCLK1Freq  stm32f4xx_hal_rcc.o
    0x08002280   0x08002280   0x00000020   Code   RO         1257    i.HAL_RCC_GetPCLK2Freq  stm32f4xx_hal_rcc.o
    0x080022a0   0x080022a0   0x00000060   Code   RO         1258    i.HAL_RCC_GetSysClockFreq  stm32f4xx_hal_rcc.o
    0x08002300   0x08002300   0x000003cc   Code   RO         1261    i.HAL_RCC_OscConfig  stm32f4xx_hal_rcc.o
    0x080026cc   0x080026cc   0x00000044   Code   RO         2990    i.HAL_RTC_GetDate   stm32f4xx_hal_rtc.o
    0x08002710   0x08002710   0x00000058   Code   RO         2992    i.HAL_RTC_GetTime   stm32f4xx_hal_rtc.o
    0x08002768   0x08002768   0x000000b8   Code   RO         2993    i.HAL_RTC_Init      stm32f4xx_hal_rtc.o
    0x08002820   0x08002820   0x00000018   Code   RO          536    i.HAL_RTC_MspInit   rtc.o
    0x08002838   0x08002838   0x00000034   Code   RO         3001    i.HAL_RTC_WaitForSynchro  stm32f4xx_hal_rtc.o
    0x0800286c   0x0800286c   0x00000002   Code   RO         3628    i.HAL_SD_AbortCallback  stm32f4xx_hal_sd.o
    0x0800286e   0x0800286e   0x00000002   PAD
    0x08002870   0x08002870   0x000000a4   Code   RO         3630    i.HAL_SD_ConfigWideBusOperation  stm32f4xx_hal_sd.o
    0x08002914   0x08002914   0x00000100   Code   RO         3632    i.HAL_SD_Erase      stm32f4xx_hal_sd.o
    0x08002a14   0x08002a14   0x00000002   Code   RO         3633    i.HAL_SD_ErrorCallback  stm32f4xx_hal_sd.o
    0x08002a16   0x08002a16   0x00000002   PAD
    0x08002a18   0x08002a18   0x00000194   Code   RO         3635    i.HAL_SD_GetCardCSD  stm32f4xx_hal_sd.o
    0x08002bac   0x08002bac   0x00000020   Code   RO         3637    i.HAL_SD_GetCardState  stm32f4xx_hal_sd.o
    0x08002bcc   0x08002bcc   0x000001d4   Code   RO         3641    i.HAL_SD_IRQHandler  stm32f4xx_hal_sd.o
    0x08002da0   0x08002da0   0x0000003e   Code   RO         3642    i.HAL_SD_Init       stm32f4xx_hal_sd.o
    0x08002dde   0x08002dde   0x00000002   PAD
    0x08002de0   0x08002de0   0x00000074   Code   RO         3643    i.HAL_SD_InitCard   stm32f4xx_hal_sd.o
    0x08002e54   0x08002e54   0x0000018c   Code   RO          589    i.HAL_SD_MspInit    sdio.o
    0x08002fe0   0x08002fe0   0x00000148   Code   RO         3647    i.HAL_SD_ReadBlocks_DMA  stm32f4xx_hal_sd.o
    0x08003128   0x08003128   0x00000002   Code   RO         3649    i.HAL_SD_RxCpltCallback  stm32f4xx_hal_sd.o
    0x0800312a   0x0800312a   0x00000002   Code   RO         3650    i.HAL_SD_TxCpltCallback  stm32f4xx_hal_sd.o
    0x0800312c   0x0800312c   0x00000144   Code   RO         3652    i.HAL_SD_WriteBlocks_DMA  stm32f4xx_hal_sd.o
    0x08003270   0x08003270   0x00000028   Code   RO         2106    i.HAL_SYSTICK_Config  stm32f4xx_hal_cortex.o
    0x08003298   0x08003298   0x00000002   Code   RO         4570    i.HAL_TIMEx_BreakCallback  stm32f4xx_hal_tim_ex.o
    0x0800329a   0x0800329a   0x00000002   Code   RO         4571    i.HAL_TIMEx_CommutCallback  stm32f4xx_hal_tim_ex.o
    0x0800329c   0x0800329c   0x0000007c   Code   RO         4588    i.HAL_TIMEx_MasterConfigSynchronization  stm32f4xx_hal_tim_ex.o
    0x08003318   0x08003318   0x00000038   Code   RO         3884    i.HAL_TIM_Base_Init  stm32f4xx_hal_tim.o
    0x08003350   0x08003350   0x00000084   Code   RO          631    i.HAL_TIM_Base_MspInit  tim.o
    0x080033d4   0x080033d4   0x00000022   Code   RO         3889    i.HAL_TIM_Base_Start_IT  stm32f4xx_hal_tim.o
    0x080033f6   0x080033f6   0x000000e2   Code   RO         3893    i.HAL_TIM_ConfigClockSource  stm32f4xx_hal_tim.o
    0x080034d8   0x080034d8   0x00000002   Code   RO         3913    i.HAL_TIM_IC_CaptureCallback  stm32f4xx_hal_tim.o
    0x080034da   0x080034da   0x0000016e   Code   RO         3927    i.HAL_TIM_IRQHandler  stm32f4xx_hal_tim.o
    0x08003648   0x08003648   0x00000050   Code   RO          632    i.HAL_TIM_MspPostInit  tim.o
    0x08003698   0x08003698   0x00000002   Code   RO         3930    i.HAL_TIM_OC_DelayElapsedCallback  stm32f4xx_hal_tim.o
    0x0800369a   0x0800369a   0x000000da   Code   RO         3951    i.HAL_TIM_PWM_ConfigChannel  stm32f4xx_hal_tim.o
    0x08003774   0x08003774   0x00000038   Code   RO         3954    i.HAL_TIM_PWM_Init  stm32f4xx_hal_tim.o
    0x080037ac   0x080037ac   0x00000002   Code   RO         3956    i.HAL_TIM_PWM_MspInit  stm32f4xx_hal_tim.o
    0x080037ae   0x080037ae   0x00000002   Code   RO         3957    i.HAL_TIM_PWM_PulseFinishedCallback  stm32f4xx_hal_tim.o
    0x080037b0   0x080037b0   0x00000038   Code   RO         3959    i.HAL_TIM_PWM_Start  stm32f4xx_hal_tim.o
    0x080037e8   0x080037e8   0x00000054   Code   RO         3962    i.HAL_TIM_PWM_Stop  stm32f4xx_hal_tim.o
    0x0800383c   0x0800383c   0x0000014c   Code   RO          633    i.HAL_TIM_PeriodElapsedCallback  tim.o
    0x08003988   0x08003988   0x00000002   Code   RO         3970    i.HAL_TIM_TriggerCallback  stm32f4xx_hal_tim.o
    0x0800398a   0x0800398a   0x00000002   Code   RO         4842    i.HAL_UART_ErrorCallback  stm32f4xx_hal_uart.o
    0x0800398c   0x0800398c   0x00000114   Code   RO         4845    i.HAL_UART_IRQHandler  stm32f4xx_hal_uart.o
    0x08003aa0   0x08003aa0   0x00000064   Code   RO         4846    i.HAL_UART_Init     stm32f4xx_hal_uart.o
    0x08003b04   0x08003b04   0x00000124   Code   RO          710    i.HAL_UART_MspInit  usart.o
    0x08003c28   0x08003c28   0x00000056   Code   RO         4851    i.HAL_UART_Receive_IT  stm32f4xx_hal_uart.o
    0x08003c7e   0x08003c7e   0x00000002   PAD
    0x08003c80   0x08003c80   0x000000fc   Code   RO          711    i.HAL_UART_RxCpltCallback  usart.o
    0x08003d7c   0x08003d7c   0x000000d2   Code   RO         4854    i.HAL_UART_Transmit  stm32f4xx_hal_uart.o
    0x08003e4e   0x08003e4e   0x00000002   Code   RO         4857    i.HAL_UART_TxCpltCallback  stm32f4xx_hal_uart.o
    0x08003e50   0x08003e50   0x00000002   Code   RO          819    i.HardFault_Handler  stm32f4xx_it.o
    0x08003e52   0x08003e52   0x0000002e   Code   RO         2537    i.I2C_IsAcknowledgeFailed  stm32f4xx_hal_i2c.o
    0x08003e80   0x08003e80   0x00000114   Code   RO         2540    i.I2C_MasterRequestRead  stm32f4xx_hal_i2c.o
    0x08003f94   0x08003f94   0x000000b0   Code   RO         2541    i.I2C_MasterRequestWrite  stm32f4xx_hal_i2c.o
    0x08004044   0x08004044   0x0000004e   Code   RO         2557    i.I2C_WaitOnBTFFlagUntilTimeout  stm32f4xx_hal_i2c.o
    0x08004092   0x08004092   0x0000007a   Code   RO         2558    i.I2C_WaitOnFlagUntilTimeout  stm32f4xx_hal_i2c.o
    0x0800410c   0x0800410c   0x000000a8   Code   RO         2559    i.I2C_WaitOnMasterAddressFlagUntilTimeout  stm32f4xx_hal_i2c.o
    0x080041b4   0x080041b4   0x0000006c   Code   RO         2560    i.I2C_WaitOnRXNEFlagUntilTimeout  stm32f4xx_hal_i2c.o
    0x08004220   0x08004220   0x0000004e   Code   RO         2563    i.I2C_WaitOnTXEFlagUntilTimeout  stm32f4xx_hal_i2c.o
    0x0800426e   0x0800426e   0x00000002   PAD
    0x08004270   0x08004270   0x0000003c   Code   RO         5552    i.IR_RX_Init        ir_rx_drv.o
    0x080042ac   0x080042ac   0x000000d8   Code   RO         5553    i.IR_RX_Interrupt_fun  ir_rx_drv.o
    0x08004384   0x08004384   0x00000104   Code   RO         5575    i.IR_RX_TimeSequence_parse  ir_rx_parse.o
    0x08004488   0x08004488   0x000000e8   Code   RO         5613    i.IR_TX_DataToTimeSequence  ir_tx_encode.o
    0x08004570   0x08004570   0x00000010   Code   RO         5632    i.IR_TX_Init        ir_tx_drv.o
    0x08004580   0x08004580   0x000000a0   Code   RO         5633    i.IR_TX_Interrupt_fun  ir_tx_drv.o
    0x08004620   0x08004620   0x0000007c   Code   RO          425    i.MX_ADC1_Init      adc.o
    0x0800469c   0x0800469c   0x0000004c   Code   RO          467    i.MX_DMA_Init       dma.o
    0x080046e8   0x080046e8   0x000000b8   Code   RO          399    i.MX_GPIO_Init      gpio.o
    0x080047a0   0x080047a0   0x00000040   Code   RO          493    i.MX_I2C1_Init      i2c.o
    0x080047e0   0x080047e0   0x00000040   Code   RO          537    i.MX_RTC_Init       rtc.o
    0x08004820   0x08004820   0x00000040   Code   RO          590    i.MX_SDIO_SD_Init   sdio.o
    0x08004860   0x08004860   0x00000034   Code   RO          634    i.MX_TIM10_Init     tim.o
    0x08004894   0x08004894   0x00000064   Code   RO          635    i.MX_TIM2_Init      tim.o
    0x080048f8   0x080048f8   0x00000098   Code   RO          636    i.MX_TIM5_Init      tim.o
    0x08004990   0x08004990   0x00000038   Code   RO          712    i.MX_USART1_UART_Init  usart.o
    0x080049c8   0x080049c8   0x00000038   Code   RO          713    i.MX_USART2_UART_Init  usart.o
    0x08004a00   0x08004a00   0x00000038   Code   RO          714    i.MX_USART6_UART_Init  usart.o
    0x08004a38   0x08004a38   0x00000002   Code   RO          820    i.MemManage_Handler  stm32f4xx_it.o
    0x08004a3a   0x08004a3a   0x00000002   Code   RO          821    i.NMI_Handler       stm32f4xx_it.o
    0x08004a3c   0x08004a3c   0x00000002   Code   RO          822    i.PendSV_Handler    stm32f4xx_it.o
    0x08004a3e   0x08004a3e   0x00000002   PAD
    0x08004a40   0x08004a40   0x0000002c   Code   RO          194    i.PrintSdCard_BlockNbr  tf_sdio_drv.o
    0x08004a6c   0x08004a6c   0x00000028   Code   RO          195    i.PrintSdCard_BlockSize  tf_sdio_drv.o
    0x08004a94   0x08004a94   0x0000008c   Code   RO          196    i.PrintSdCard_CID   tf_sdio_drv.o
    0x08004b20   0x08004b20   0x00000024   Code   RO          197    i.PrintSdCard_Class  tf_sdio_drv.o
    0x08004b44   0x08004b44   0x00000034   Code   RO          198    i.PrintSdCard_LogBlockNbr  tf_sdio_drv.o
    0x08004b78   0x08004b78   0x00000030   Code   RO          199    i.PrintSdCard_LogBlockSize  tf_sdio_drv.o
    0x08004ba8   0x08004ba8   0x00000028   Code   RO          200    i.PrintSdCard_RCA   tf_sdio_drv.o
    0x08004bd0   0x08004bd0   0x0000002c   Code   RO          201    i.PrintSdCard_State  tf_sdio_drv.o
    0x08004bfc   0x08004bfc   0x00000070   Code   RO          202    i.PrintSdCard_Type  tf_sdio_drv.o
    0x08004c6c   0x08004c6c   0x00000070   Code   RO          203    i.PrintSdCard_Version  tf_sdio_drv.o
    0x08004cdc   0x08004cdc   0x00000020   Code   RO          204    i.PrintSdio_State   tf_sdio_drv.o
    0x08004cfc   0x08004cfc   0x00000012   Code   RO         3002    i.RTC_Bcd2ToByte    stm32f4xx_hal_rtc.o
    0x08004d0e   0x08004d0e   0x00000038   Code   RO         3004    i.RTC_EnterInitMode  stm32f4xx_hal_rtc.o
    0x08004d46   0x08004d46   0x00000024   Code   RO         3351    i.SDIO_ConfigData   stm32f4xx_ll_sdmmc.o
    0x08004d6a   0x08004d6a   0x00000006   Code   RO         3352    i.SDIO_GetCommandResponse  stm32f4xx_ll_sdmmc.o
    0x08004d70   0x08004d70   0x00000008   Code   RO         3355    i.SDIO_GetPowerState  stm32f4xx_ll_sdmmc.o
    0x08004d78   0x08004d78   0x00000006   Code   RO         3356    i.SDIO_GetResponse  stm32f4xx_ll_sdmmc.o
    0x08004d7e   0x08004d7e   0x00000002   PAD
    0x08004d80   0x08004d80   0x0000000c   Code   RO          823    i.SDIO_IRQHandler   stm32f4xx_it.o
    0x08004d8c   0x08004d8c   0x0000002a   Code   RO         3357    i.SDIO_Init         stm32f4xx_ll_sdmmc.o
    0x08004db6   0x08004db6   0x00000010   Code   RO         3359    i.SDIO_PowerState_ON  stm32f4xx_ll_sdmmc.o
    0x08004dc6   0x08004dc6   0x00000006   Code   RO         3360    i.SDIO_ReadFIFO     stm32f4xx_ll_sdmmc.o
    0x08004dcc   0x08004dcc   0x00000020   Code   RO         3361    i.SDIO_SendCommand  stm32f4xx_ll_sdmmc.o
    0x08004dec   0x08004dec   0x0000000a   Code   RO         3363    i.SDIO_WriteFIFO    stm32f4xx_ll_sdmmc.o
    0x08004df6   0x08004df6   0x00000032   Code   RO         3364    i.SDMMC_CmdAppCommand  stm32f4xx_ll_sdmmc.o
    0x08004e28   0x08004e28   0x00000034   Code   RO         3365    i.SDMMC_CmdAppOperCommand  stm32f4xx_ll_sdmmc.o
    0x08004e5c   0x08004e5c   0x00000032   Code   RO         3366    i.SDMMC_CmdBlockLength  stm32f4xx_ll_sdmmc.o
    0x08004e8e   0x08004e8e   0x00000032   Code   RO         3367    i.SDMMC_CmdBusWidth  stm32f4xx_ll_sdmmc.o
    0x08004ec0   0x08004ec0   0x00000030   Code   RO         3368    i.SDMMC_CmdErase    stm32f4xx_ll_sdmmc.o
    0x08004ef0   0x08004ef0   0x00000028   Code   RO         3371    i.SDMMC_CmdGoIdleState  stm32f4xx_ll_sdmmc.o
    0x08004f18   0x08004f18   0x00000030   Code   RO         3373    i.SDMMC_CmdOperCond  stm32f4xx_ll_sdmmc.o
    0x08004f48   0x08004f48   0x00000032   Code   RO         3374    i.SDMMC_CmdReadMultiBlock  stm32f4xx_ll_sdmmc.o
    0x08004f7a   0x08004f7a   0x00000032   Code   RO         3375    i.SDMMC_CmdReadSingleBlock  stm32f4xx_ll_sdmmc.o
    0x08004fac   0x08004fac   0x00000032   Code   RO         3376    i.SDMMC_CmdSDEraseEndAdd  stm32f4xx_ll_sdmmc.o
    0x08004fde   0x08004fde   0x00000032   Code   RO         3377    i.SDMMC_CmdSDEraseStartAdd  stm32f4xx_ll_sdmmc.o
    0x08005010   0x08005010   0x00000032   Code   RO         3378    i.SDMMC_CmdSelDesel  stm32f4xx_ll_sdmmc.o
    0x08005042   0x08005042   0x0000002c   Code   RO         3379    i.SDMMC_CmdSendCID  stm32f4xx_ll_sdmmc.o
    0x0800506e   0x0800506e   0x0000002c   Code   RO         3380    i.SDMMC_CmdSendCSD  stm32f4xx_ll_sdmmc.o
    0x0800509a   0x0800509a   0x00000030   Code   RO         3381    i.SDMMC_CmdSendSCR  stm32f4xx_ll_sdmmc.o
    0x080050ca   0x080050ca   0x00000032   Code   RO         3382    i.SDMMC_CmdSendStatus  stm32f4xx_ll_sdmmc.o
    0x080050fc   0x080050fc   0x00000030   Code   RO         3383    i.SDMMC_CmdSetRelAdd  stm32f4xx_ll_sdmmc.o
    0x0800512c   0x0800512c   0x00000034   Code   RO         3385    i.SDMMC_CmdStopTransfer  stm32f4xx_ll_sdmmc.o
    0x08005160   0x08005160   0x00000032   Code   RO         3387    i.SDMMC_CmdWriteMultiBlock  stm32f4xx_ll_sdmmc.o
    0x08005192   0x08005192   0x00000032   Code   RO         3388    i.SDMMC_CmdWriteSingleBlock  stm32f4xx_ll_sdmmc.o
    0x080051c4   0x080051c4   0x00000030   Code   RO         3389    i.SDMMC_GetCmdError  stm32f4xx_ll_sdmmc.o
    0x080051f4   0x080051f4   0x00000124   Code   RO         3390    i.SDMMC_GetCmdResp1  stm32f4xx_ll_sdmmc.o
    0x08005318   0x08005318   0x00000054   Code   RO         3391    i.SDMMC_GetCmdResp2  stm32f4xx_ll_sdmmc.o
    0x0800536c   0x0800536c   0x00000044   Code   RO         3392    i.SDMMC_GetCmdResp3  stm32f4xx_ll_sdmmc.o
    0x080053b0   0x080053b0   0x0000008c   Code   RO         3393    i.SDMMC_GetCmdResp6  stm32f4xx_ll_sdmmc.o
    0x0800543c   0x0800543c   0x00000058   Code   RO         3394    i.SDMMC_GetCmdResp7  stm32f4xx_ll_sdmmc.o
    0x08005494   0x08005494   0x00000064   Code   RO         3654    i.SD_DMAError       stm32f4xx_hal_sd.o
    0x080054f8   0x080054f8   0x00000042   Code   RO         3655    i.SD_DMAReceiveCplt  stm32f4xx_hal_sd.o
    0x0800553a   0x0800553a   0x00000044   Code   RO         3656    i.SD_DMARxAbort     stm32f4xx_hal_sd.o
    0x0800557e   0x0800557e   0x0000000e   Code   RO         3657    i.SD_DMATransmitCplt  stm32f4xx_hal_sd.o
    0x0800558c   0x0800558c   0x00000044   Code   RO         3658    i.SD_DMATxAbort     stm32f4xx_hal_sd.o
    0x080055d0   0x080055d0   0x00000118   Code   RO         3659    i.SD_FindSCR        stm32f4xx_hal_sd.o
    0x080056e8   0x080056e8   0x000000ea   Code   RO         3660    i.SD_InitCard       stm32f4xx_hal_sd.o
    0x080057d2   0x080057d2   0x00000002   PAD
    0x080057d4   0x080057d4   0x000000ac   Code   RO         3662    i.SD_PowerON        stm32f4xx_hal_sd.o
    0x08005880   0x08005880   0x00000036   Code   RO         3663    i.SD_Read_IT        stm32f4xx_hal_sd.o
    0x080058b6   0x080058b6   0x0000002e   Code   RO         3665    i.SD_SendStatus     stm32f4xx_hal_sd.o
    0x080058e4   0x080058e4   0x00000052   Code   RO         3666    i.SD_WideBus_Disable  stm32f4xx_hal_sd.o
    0x08005936   0x08005936   0x00000052   Code   RO         3667    i.SD_WideBus_Enable  stm32f4xx_hal_sd.o
    0x08005988   0x08005988   0x00000042   Code   RO         3668    i.SD_Write_IT       stm32f4xx_hal_sd.o
    0x080059ca   0x080059ca   0x00000002   PAD
    0x080059cc   0x080059cc   0x00000084   Code   RO           14    i.SHT30_Dat_To_Float  sht30_i2c_drv.o
    0x08005a50   0x08005a50   0x00000008   Code   RO           15    i.SHT30_Init        sht30_i2c_drv.o
    0x08005a58   0x08005a58   0x00000024   Code   RO           16    i.SHT30_Read_Dat    sht30_i2c_drv.o
    0x08005a7c   0x08005a7c   0x00000014   Code   RO           17    i.SHT30_Reset       sht30_i2c_drv.o
    0x08005a90   0x08005a90   0x00000024   Code   RO           18    i.SHT30_Send_Cmd    sht30_i2c_drv.o
    0x08005ab4   0x08005ab4   0x00000002   Code   RO          824    i.SVC_Handler       stm32f4xx_it.o
    0x08005ab6   0x08005ab6   0x00000004   Code   RO          825    i.SysTick_Handler   stm32f4xx_it.o
    0x08005aba   0x08005aba   0x00000002   PAD
    0x08005abc   0x08005abc   0x000000b4   Code   RO          295    i.SystemClock_Config  main.o
    0x08005b70   0x08005b70   0x0000001c   Code   RO         5153    i.SystemInit        system_stm32f4xx.o
    0x08005b8c   0x08005b8c   0x0000000c   Code   RO          826    i.TIM1_UP_TIM10_IRQHandler  stm32f4xx_it.o
    0x08005b98   0x08005b98   0x0000000c   Code   RO          827    i.TIM2_IRQHandler   stm32f4xx_it.o
    0x08005ba4   0x08005ba4   0x00000098   Code   RO         3972    i.TIM_Base_SetConfig  stm32f4xx_hal_tim.o
    0x08005c3c   0x08005c3c   0x0000001a   Code   RO         3973    i.TIM_CCxChannelCmd  stm32f4xx_hal_tim.o
    0x08005c56   0x08005c56   0x00000014   Code   RO         3983    i.TIM_ETR_SetConfig  stm32f4xx_hal_tim.o
    0x08005c6a   0x08005c6a   0x00000010   Code   RO         3984    i.TIM_ITRx_SetConfig  stm32f4xx_hal_tim.o
    0x08005c7a   0x08005c7a   0x00000002   PAD
    0x08005c7c   0x08005c7c   0x00000060   Code   RO         3985    i.TIM_OC1_SetConfig  stm32f4xx_hal_tim.o
    0x08005cdc   0x08005cdc   0x00000064   Code   RO         3986    i.TIM_OC2_SetConfig  stm32f4xx_hal_tim.o
    0x08005d40   0x08005d40   0x00000060   Code   RO         3987    i.TIM_OC3_SetConfig  stm32f4xx_hal_tim.o
    0x08005da0   0x08005da0   0x00000048   Code   RO         3988    i.TIM_OC4_SetConfig  stm32f4xx_hal_tim.o
    0x08005de8   0x08005de8   0x00000022   Code   RO         3990    i.TIM_TI1_ConfigInputStage  stm32f4xx_hal_tim.o
    0x08005e0a   0x08005e0a   0x00000024   Code   RO         3992    i.TIM_TI2_ConfigInputStage  stm32f4xx_hal_tim.o
    0x08005e2e   0x08005e2e   0x00000010   Code   RO         4859    i.UART_DMAAbortOnError  stm32f4xx_hal_uart.o
    0x08005e3e   0x08005e3e   0x0000001c   Code   RO         4869    i.UART_EndRxTransfer  stm32f4xx_hal_uart.o
    0x08005e5a   0x08005e5a   0x0000001a   Code   RO         4870    i.UART_EndTransmit_IT  stm32f4xx_hal_uart.o
    0x08005e74   0x08005e74   0x0000009c   Code   RO         4872    i.UART_Receive_IT   stm32f4xx_hal_uart.o
    0x08005f10   0x08005f10   0x000001e0   Code   RO         4873    i.UART_SetConfig    stm32f4xx_hal_uart.o
    0x080060f0   0x080060f0   0x00000066   Code   RO         4874    i.UART_Transmit_IT  stm32f4xx_hal_uart.o
    0x08006156   0x08006156   0x00000064   Code   RO         4875    i.UART_WaitOnFlagUntilTimeout  stm32f4xx_hal_uart.o
    0x080061ba   0x080061ba   0x00000002   PAD
    0x080061bc   0x080061bc   0x0000000c   Code   RO          828    i.USART1_IRQHandler  stm32f4xx_it.o
    0x080061c8   0x080061c8   0x0000000c   Code   RO          829    i.USART2_IRQHandler  stm32f4xx_it.o
    0x080061d4   0x080061d4   0x0000000c   Code   RO          830    i.USART6_IRQHandler  stm32f4xx_it.o
    0x080061e0   0x080061e0   0x00000068   Code   RO          715    i.Uart6Tx_Hex2Char  usart.o
    0x08006248   0x08006248   0x00000002   Code   RO          831    i.UsageFault_Handler  stm32f4xx_it.o
    0x0800624a   0x0800624a   0x00000002   PAD
    0x0800624c   0x0800624c   0x00000020   Code   RO         5909    i.__0printf         mc_w.l(printfa.o)
    0x0800626c   0x0800626c   0x00000028   Code   RO         5911    i.__0sprintf        mc_w.l(printfa.o)
    0x08006294   0x08006294   0x00000020   Code   RO         2108    i.__NVIC_SetPriority  stm32f4xx_hal_cortex.o
    0x080062b4   0x080062b4   0x0000000e   Code   RO         5983    i.__scatterload_copy  mc_w.l(handlers.o)
    0x080062c2   0x080062c2   0x00000002   Code   RO         5984    i.__scatterload_null  mc_w.l(handlers.o)
    0x080062c4   0x080062c4   0x0000000e   Code   RO         5985    i.__scatterload_zeroinit  mc_w.l(handlers.o)
    0x080062d2   0x080062d2   0x00000002   PAD
    0x080062d4   0x080062d4   0x00000184   Code   RO         5916    i._fp_digits        mc_w.l(printfa.o)
    0x08006458   0x08006458   0x000006dc   Code   RO         5917    i._printf_core      mc_w.l(printfa.o)
    0x08006b34   0x08006b34   0x00000024   Code   RO         5918    i._printf_post_padding  mc_w.l(printfa.o)
    0x08006b58   0x08006b58   0x0000002e   Code   RO         5919    i._printf_pre_padding  mc_w.l(printfa.o)
    0x08006b86   0x08006b86   0x0000000a   Code   RO         5921    i._sputc            mc_w.l(printfa.o)
    0x08006b90   0x08006b90   0x0000004c   Code   RO         5384    i.all_data_update   protocol.o
    0x08006bdc   0x08006bdc   0x00000016   Code   RO         5190    i.byte_to_int       mcu_api.o
    0x08006bf2   0x08006bf2   0x00000002   PAD
    0x08006bf4   0x08006bf4   0x000000a8   Code   RO         5456    i.data_handle       system.o
    0x08006c9c   0x08006c9c   0x00000040   Code   RO         5457    i.data_point_handle  system.o
    0x08006cdc   0x08006cdc   0x00000028   Code   RO         5385    i.dp_download_handle  protocol.o
    0x08006d04   0x08006d04   0x00000018   Code   RO         5386    i.dp_download_hum_periodic_report_handle  protocol.o
    0x08006d1c   0x08006d1c   0x00000048   Code   RO         5387    i.dp_download_led_handle  protocol.o
    0x08006d64   0x08006d64   0x00000094   Code   RO         5388    i.dp_download_switch_handle  protocol.o
    0x08006df8   0x08006df8   0x00000018   Code   RO         5389    i.dp_download_temp_periodic_report_handle  protocol.o
    0x08006e10   0x08006e10   0x00000018   Code   RO          716    i.fputc             usart.o
    0x08006e28   0x08006e28   0x0000001c   Code   RO         5458    i.get_check_sum     system.o
    0x08006e44   0x08006e44   0x00000028   Code   RO         5459    i.get_dowmload_dpid_index  system.o
    0x08006e6c   0x08006e6c   0x00000004   Code   RO         5390    i.get_download_cmd_total  protocol.o
    0x08006e70   0x08006e70   0x0000000a   Code   RO         5460    i.get_mcu_wifi_mode  system.o
    0x08006e7a   0x08006e7a   0x00000002   PAD
    0x08006e7c   0x08006e7c   0x00000034   Code   RO         5461    i.heat_beat_check   system.o
    0x08006eb0   0x08006eb0   0x0000089c   Code   RO          296    i.main              main.o
    0x0800774c   0x0800774c   0x00000050   Code   RO         5193    i.mcu_dp_bool_update  mcu_api.o
    0x0800779c   0x0800779c   0x0000005c   Code   RO         5198    i.mcu_dp_value_update  mcu_api.o
    0x080077f8   0x080077f8   0x00000004   Code   RO         5199    i.mcu_get_dp_download_bool  mcu_api.o
    0x080077fc   0x080077fc   0x00000004   Code   RO         5201    i.mcu_get_dp_download_value  mcu_api.o
    0x08007800   0x08007800   0x0000000c   Code   RO         5203    i.mcu_get_wifi_work_state  mcu_api.o
    0x0800780c   0x0800780c   0x00000014   Code   RO         5205    i.mcu_reset_wifi    mcu_api.o
    0x08007820   0x08007820   0x00000046   Code   RO         5208    i.my_memcpy         mcu_api.o
    0x08007866   0x08007866   0x00000016   Code   RO         5212    i.my_strlen         mcu_api.o
    0x0800787c   0x0800787c   0x000000cc   Code   RO         5462    i.product_info_update  system.o
    0x08007948   0x08007948   0x0000001c   Code   RO         5463    i.set_wifi_uart_buffer  system.o
    0x08007964   0x08007964   0x00000010   Code   RO         5464    i.set_wifi_uart_byte  system.o
    0x08007974   0x08007974   0x00000028   Code   RO         5465    i.take_byte_rxbuff  system.o
    0x0800799c   0x0800799c   0x0000003c   Code   RO         5214    i.uart_receive_input  mcu_api.o
    0x080079d8   0x080079d8   0x0000001c   Code   RO         5391    i.uart_transmit_output  protocol.o
    0x080079f4   0x080079f4   0x0000002c   Code   RO         5215    i.wifi_protocol_init  mcu_api.o
    0x08007a20   0x08007a20   0x00000002   Code   RO         5392    i.wifi_test_result  protocol.o
    0x08007a22   0x08007a22   0x00000002   PAD
    0x08007a24   0x08007a24   0x000000bc   Code   RO         5216    i.wifi_uart_service  mcu_api.o
    0x08007ae0   0x08007ae0   0x00000020   Code   RO         5466    i.wifi_uart_write_data  system.o
    0x08007b00   0x08007b00   0x0000003c   Code   RO         5467    i.wifi_uart_write_frame  system.o
    0x08007b3c   0x08007b3c   0x00000018   Code   RO         5468    i.with_data_rxbuff  system.o
    0x08007b54   0x08007b54   0x00000008   Data   RO         1801    .constdata          stm32f4xx_hal_dma.o
    0x08007b5c   0x08007b5c   0x00000010   Data   RO         5154    .constdata          system_stm32f4xx.o
    0x08007b6c   0x08007b6c   0x00000008   Data   RO         5155    .constdata          system_stm32f4xx.o
    0x08007b74   0x08007b74   0x00000010   Data   RO         5393    .constdata          protocol.o
    0x08007b84   0x08007b84   0x00000020   Data   RO         5981    Region$$Table       anon$$obj.o


    Execution Region RW_IRAM1 (Exec base: 0x20000000, Load base: 0x08007ba4, Size: 0x00004060, Max: 0x00010000, ABSOLUTE, COMPRESSED[0x00000048])

    Exec Addr    Load Addr    Size         Type   Attr      Idx    E Section Name        Object

    0x20000000   COMPRESSED   0x00000004   Data   RW          301    .data               main.o
    0x20000004   COMPRESSED   0x00000104   Data   RW          302    .data               main.o
    0x20000108   COMPRESSED   0x00000008   Data   RW          427    .data               adc.o
    0x20000110   COMPRESSED   0x00000004   Data   RW          428    .data               adc.o
    0x20000114   COMPRESSED   0x00000004   Data   RW          495    .data               i2c.o
    0x20000118   COMPRESSED   0x0000000c   Data   RW          639    .data               tim.o
    0x20000124   COMPRESSED   0x00000048   Data   RW          719    .data               usart.o
    0x2000016c   COMPRESSED   0x0000000c   Data   RW         2252    .data               stm32f4xx_hal.o
    0x20000178   COMPRESSED   0x00000004   Data   RW         5156    .data               system_stm32f4xx.o
    0x2000017c   COMPRESSED   0x00000002   Data   RW         5217    .data               mcu_api.o
    0x2000017e   COMPRESSED   0x00000002   PAD
    0x20000180   COMPRESSED   0x00000018   Data   RW         5394    .data               protocol.o
    0x20000198   COMPRESSED   0x0000000c   Data   RW         5470    .data               system.o
    0x200001a4   COMPRESSED   0x00000001   Data   RW         5471    .data               system.o
    0x200001a5   COMPRESSED   0x00000003   PAD
    0x200001a8   COMPRESSED   0x00000020   Data   RW         5555    .data               ir_rx_drv.o
    0x200001c8   COMPRESSED   0x00000001   Data   RW         5590    .data               ir_tx_app.o
    0x200001c9   COMPRESSED   0x00000001   PAD
    0x200001ca   COMPRESSED   0x00000002   Data   RW         5615    .data               ir_tx_encode.o
    0x200001cc   COMPRESSED   0x00000008   Data   RW         5634    .data               ir_tx_drv.o
    0x200001d4   COMPRESSED   0x00000004   Data   RW         5959    .data               mc_w.l(stdout.o)
    0x200001d8        -       0x0000287c   Zero   RW          298    .bss                main.o
    0x20002a54        -       0x000000a8   Zero   RW          426    .bss                adc.o
    0x20002afc        -       0x00000054   Zero   RW          494    .bss                i2c.o
    0x20002b50        -       0x00000020   Zero   RW          539    .bss                rtc.o
    0x20002b70        -       0x00000144   Zero   RW          591    .bss                sdio.o
    0x20002cb4        -       0x000000c0   Zero   RW          637    .bss                tim.o
    0x20002d74        -       0x000003c0   Zero   RW          717    .bss                usart.o
    0x20003134        -       0x0000006d   Zero   RW         5469    .bss                system.o
    0x200031a1   COMPRESSED   0x00000001   PAD
    0x200031a2        -       0x000007d0   Zero   RW         5554    .bss                ir_rx_drv.o
    0x20003972        -       0x00000032   Zero   RW         5589    .bss                ir_tx_app.o
    0x200039a4        -       0x000002bc   Zero   RW         5614    .bss                ir_tx_encode.o
    0x20003c60        -       0x00000400   Zero   RW            1    STACK               startup_stm32f401xc.o


==============================================================================

Image component sizes


      Code (inc. data)   RO Data    RW Data    ZI Data      Debug   Object Name

       292         36          0         12        168       2075   adc.o
        76          4          0          0          0        870   dma.o
       184         14          0          0          0       1087   gpio.o
       184         26          0          4         84       1947   i2c.o
       276         26          0         32       2000       2821   ir_rx_drv.o
       260          0          0          0          0       1099   ir_rx_parse.o
       676         92          0          1         50       2981   ir_tx_app.o
       176         20          0          8          0       1613   ir_tx_drv.o
       232          0          0          2        700       1915   ir_tx_encode.o
      2386        620          0        264      10364       9065   main.o
       618         60          0          2          0       8453   mcu_api.o
       418         82         16         24          0       7479   protocol.o
       144         22          0          0         32       2752   rtc.o
       460         72          0          0        324       2199   sdio.o
       282         24          0          0          0     478937   sht30_i2c_drv.o
        36          8        404          0       1024        888   startup_stm32f401xc.o
       184         28          0         12          0       9681   stm32f4xx_hal.o
      1488         54          0          0          0       9661   stm32f4xx_hal_adc.o
         2          0          0          0          0       1113   stm32f4xx_hal_adc_ex.o
       198         14          0          0          0      34355   stm32f4xx_hal_cortex.o
      1032         14          8          0          0       7709   stm32f4xx_hal_dma.o
       438         32          0          0          0       4048   stm32f4xx_hal_gpio.o
      2440         46          0          0          0      12662   stm32f4xx_hal_i2c.o
        48          6          0          0          0        926   stm32f4xx_hal_msp.o
      1476         74          0          0          0       6596   stm32f4xx_hal_rcc.o
       348         26          0          0          0       1628   stm32f4xx_hal_rcc_ex.o
       466         12          0          0          0       5241   stm32f4xx_hal_rtc.o
      3494         72          0          0          0      23680   stm32f4xx_hal_sd.o
      1754         60          0          0          0      18387   stm32f4xx_hal_tim.o
       128         22          0          0          0       2737   stm32f4xx_hal_tim_ex.o
      1584         14          0          0          0      11139   stm32f4xx_hal_uart.o
       140         60          0          0          0       9692   stm32f4xx_it.o
      1856         42          0          0          0      28640   stm32f4xx_ll_sdmmc.o
       766        134          0         13        109      11362   system.o
        28          6         24          4          0       1287   system_stm32f4xx.o
       700        426          0          0          0       7758   tf_sdio_drv.o
       848         96          0         12        192       5572   tim.o
       912        126          0         72        960      10270   usart.o

    ----------------------------------------------------------------------
     27074       2470        484        468      16008     750325   Object Totals
         0          0         32          0          0          0   (incl. Generated)
        44          0          0          6          1          0   (incl. Padding)

    ----------------------------------------------------------------------

      Code (inc. data)   RO Data    RW Data    ZI Data      Debug   Library Member Name

        86          0          0          0          0          0   __dczerorl2.o
         0          0          0          0          0          0   entry.o
         0          0          0          0          0          0   entry10a.o
         0          0          0          0          0          0   entry11a.o
         8          4          0          0          0          0   entry2.o
         4          0          0          0          0          0   entry5.o
         0          0          0          0          0          0   entry7b.o
         0          0          0          0          0          0   entry8b.o
         8          4          0          0          0          0   entry9a.o
        30          0          0          0          0          0   handlers.o
        36          8          0          0          0         68   init.o
         0          0          0          0          0          0   iusefp.o
        30          0          0          0          0         68   llshl.o
        36          0          0          0          0         68   llsshr.o
        32          0          0          0          0         68   llushr.o
        36          0          0          0          0         68   memcpya.o
        36          0          0          0          0        108   memseta.o
      2308         96          0          0          0        604   printfa.o
         0          0          0          4          0          0   stdout.o
        30          0          0          0          0         80   strncmp.o
        44          0          0          0          0         80   uidiv.o
        98          0          0          0          0         92   uldiv.o
        48          0          0          0          0         68   cdrcmple.o
        56          0          0          0          0         88   d2f.o
       334          0          0          0          0        148   dadd.o
       222          0          0          0          0        100   ddiv.o
       186          0          0          0          0        176   depilogue.o
        48          0          0          0          0         68   dfixul.o
       228          0          0          0          0         96   dmul.o
        38          0          0          0          0         68   f2d.o
       110          0          0          0          0        168   fepilogue.o

    ----------------------------------------------------------------------
      4094        112          0          4          0       2284   Library Totals
         2          0          0          0          0          0   (incl. Padding)

    ----------------------------------------------------------------------

      Code (inc. data)   RO Data    RW Data    ZI Data      Debug   Library Name

      2822        112          0          4          0       1304   mc_w.l
      1270          0          0          0          0        980   mf_w.l

    ----------------------------------------------------------------------
      4094        112          0          4          0       2284   Library Totals

    ----------------------------------------------------------------------

==============================================================================


      Code (inc. data)   RO Data    RW Data    ZI Data      Debug   

     31168       2582        484        472      16008     725349   Grand Totals
     31168       2582        484         72      16008     725349   ELF Image Totals (compressed)
     31168       2582        484         72          0          0   ROM Totals

==============================================================================

    Total RO  Size (Code + RO Data)                31652 (  30.91kB)
    Total RW  Size (RW Data + ZI Data)             16480 (  16.09kB)
    Total ROM Size (Code + RO Data + RW Data)      31724 (  30.98kB)

==============================================================================

