<html>
<body>
<pre>
<h1>µVision Build Log</h1>
<h2>Tool Versions:</h2>
IDE-Version: ¦ÌVision V5.24.2.0
Copyright (C) 2017 ARM Ltd and ARM Germany GmbH. All rights reserved.
License Information: W Kai, A, LIC=65ISZ-J9NMS-QDWKD-8ZKYT-3KTD8-VBBF3
 
Tool Versions:
Toolchain:       MDK-ARM Plus  Version: 5.24.1
Toolchain Path:  D:\Keil_v5\ARM\ARMCC\Bin
C Compiler:      Armcc.exe V5.06 update 5 (build 528)
Assembler:       Armasm.exe V5.06 update 5 (build 528)
Linker/Locator:  ArmLink.exe V5.06 update 5 (build 528)
Library Manager: ArmAr.exe V5.06 update 5 (build 528)
Hex Converter:   FromElf.exe V5.06 update 5 (build 528)
CPU DLL:         SARMCM3.DLL V5.24.1
Dialog DLL:      DCM.DLL V1.16.0.0
Target DLL:      Segger\JL2CM3.dll V2.99.26.0
Dialog DLL:      TCM.DLL V1.32.0.0
 
<h2>Project:</h2>
D:\STMicroelectronics\STM32CubeProjects\TemperatureHumidityMeter_F401_Cube561_F4V1252_v1\MDK-ARM\TemperatureHumidityMeter_F401_Cube561_F4V1252_v1.uvprojx
Project File Date:  02/13/2021

<h2>Output:</h2>
*** Using Compiler 'V5.06 update 5 (build 528)', folder: 'D:\Keil_v5\ARM\ARMCC\Bin'
Rebuild target 'TemperatureHumidityMeter_F401_Cube561_F4V1252_v1'
assembling startup_stm32f401xc.s...
compiling sdio.c...
compiling main.c...
../Src/main.c(445): warning:  #1035-D: single-precision operand implicitly converted to double-precision
  			Adc1N1 = 1.2 * (float)Adc1Value[0] / (float)(Adc1Value[1]+1);
../Src/main.c: 1 warning, 0 errors
compiling adc.c...
compiling sht30_i2c_drv.c...
compiling dma.c...
compiling tf_sdio_drv.c...
compiling i2c.c...
compiling tim.c...
compiling gpio.c...
compiling rtc.c...
../Src/rtc.c(32): warning:  #177-D: variable "sTime"  was declared but never referenced
    RTC_TimeTypeDef sTime = {0};
../Src/rtc.c(33): warning:  #177-D: variable "sDate"  was declared but never referenced
    RTC_DateTypeDef sDate = {0};
../Src/rtc.c: 2 warnings, 0 errors
compiling usart.c...
compiling stm32f4xx_hal_rcc_ex.c...
compiling stm32f4xx_hal_flash_ramfunc.c...
compiling stm32f4xx_it.c...
compiling stm32f4xx_hal_gpio.c...
compiling stm32f4xx_hal_adc.c...
compiling stm32f4xx_hal_rcc.c...
compiling stm32f4xx_hal_msp.c...
compiling stm32f4xx_hal_flash_ex.c...
compiling stm32f4xx_hal_adc_ex.c...
compiling stm32f4xx_hal_flash.c...
compiling stm32f4xx_hal_dma_ex.c...
compiling stm32f4xx_hal_rtc.c...
compiling stm32f4xx_hal_pwr.c...
compiling stm32f4xx_hal_pwr_ex.c...
compiling stm32f4xx_ll_sdmmc.c...
compiling stm32f4xx_hal_i2c_ex.c...
compiling stm32f4xx_hal.c...
compiling stm32f4xx_hal_exti.c...
compiling stm32f4xx_hal_rtc_ex.c...
compiling stm32f4xx_hal_cortex.c...
compiling stm32f4xx_hal_dma.c...
compiling IR_Rx_drv.c...
compiling IR_Rx_parse.c...
compiling IR_Tx_app.c...
..\InfraRed\IR_Tx_app.c(18): warning:  #550-D: variable "error"  was set but never used
  	unsigned char error = 0;
..\InfraRed\IR_Tx_app.c: 1 warning, 0 errors
compiling IR_Tx_encode.c...
compiling stm32f4xx_hal_i2c.c...
compiling system.c...
compiling IR_Tx_drv.c...
compiling system_stm32f4xx.c...
compiling mcu_api.c...
compiling protocol.c...
compiling stm32f4xx_hal_tim_ex.c...
compiling stm32f4xx_hal_uart.c...
compiling stm32f4xx_hal_tim.c...
compiling stm32f4xx_hal_sd.c...
linking...
Program Size: Code=31168 RO-data=484 RW-data=472 ZI-data=16008  
FromELF: creating hex file...
"TemperatureHumidityMeter_F401_Cube561_F4V1252_v1\TemperatureHumidityMeter_F401_Cube561_F4V1252_v1.axf" - 0 Error(s), 4 Warning(s).

<h2>Software Packages used:</h2>

Package Vendor: ARM
                http://www.keil.com/pack/ARM.CMSIS.5.7.0.pack
                ARM.CMSIS.5.7.0
                CMSIS (Cortex Microcontroller Software Interface Standard)
   * Component: CORE Version: 5.4.0

Package Vendor: Keil
                http://www.keil.com/pack/Keil.STM32F4xx_DFP.2.15.0.pack
                Keil.STM32F4xx_DFP.2.15.0
                STMicroelectronics STM32F4 Series Device Support, Drivers and Examples

<h2>Collection of Component include folders:</h2>
  .\RTE\_TemperatureHumidityMeter_F401_Cube561_F4V1252_v1
  D:\Keil_v5\ARM\PACK\ARM\CMSIS\5.7.0\CMSIS\Core\Include
  D:\Keil_v5\ARM\PACK\Keil\STM32F4xx_DFP\2.15.0\Drivers\CMSIS\Device\ST\STM32F4xx\Include

<h2>Collection of Component Files used:</h2>

   * Component: ARM::CMSIS:CORE:5.4.0
Build Time Elapsed:  00:00:09
</pre>
</body>
</html>
